#
# There is insufficient memory for the Java Runtime Environment to continue.
# Native memory allocation (malloc) failed to allocate 2130776 bytes. Error detail: Chunk::new
# Possible reasons:
#   The system is out of physical RAM or swap space
#   This process is running with CompressedOops enabled, and the Java Heap may be blocking the growth of the native heap
# Possible solutions:
#   Reduce memory load on the system
#   Increase physical memory or swap space
#   Check if swap backing store is full
#   Decrease Java heap size (-Xmx/-Xms)
#   Decrease number of Java threads
#   Decrease Java thread stack sizes (-Xss)
#   Set larger code cache with -XX:ReservedCodeCacheSize=
#   JVM is running with Unscaled Compressed Oops mode in which the Java heap is
#     placed in the first 4GB address space. The Java Heap base address is the
#     maximum limit for the native heap growth. Please use -XX:HeapBaseMinAddress
#     to set the Java Heap base and to place the Java Heap above 4GB virtual address.
# This output file may be truncated or incomplete.
#
#  Out of Memory Error (arena.cpp:186), pid=24748, tid=1144
#
# JRE version: OpenJDK Runtime Environment (25.0.2) (build 25.0.2+-15348964-b329.117)
# Java VM: OpenJDK 64-Bit Server VM (25.0.2+-15348964-b329.117, mixed mode, tiered, compressed oops, compressed class ptrs, g1 gc, windows-amd64)
# No core dump will be written. Minidumps are not enabled by default on client versions of Windows
#

---------------  S U M M A R Y ------------

Command Line: --add-opens=java.base/java.lang=ALL-UNNAMED --add-opens=java.base/java.lang.invoke=ALL-UNNAMED --add-opens=java.base/java.util=ALL-UNNAMED --add-opens=java.prefs/java.util.prefs=ALL-UNNAMED --add-exports=jdk.compiler/com.sun.tools.javac.api=ALL-UNNAMED --add-exports=jdk.compiler/com.sun.tools.javac.util=ALL-UNNAMED --add-opens=java.base/java.nio.charset=ALL-UNNAMED --add-opens=java.base/java.net=ALL-UNNAMED --add-opens=java.base/java.util.concurrent=ALL-UNNAMED --add-opens=java.base/java.util.concurrent.atomic=ALL-UNNAMED --add-opens=java.xml/javax.xml.namespace=ALL-UNNAMED --add-opens=java.base/java.time=ALL-UNNAMED --enable-native-access=ALL-UNNAMED -Xmx2048m -Dfile.encoding=UTF-8 -Duser.country=PH -Duser.language=en -Duser.variant -javaagent:C:\Users\LENOVO\.gradle\wrapper\dists\gradle-9.5.0-bin\bvnork1r7n8i6kp5cnkibsc9q\gradle-9.5.0\lib\agents\gradle-instrumentation-agent-9.5.0.jar org.gradle.launcher.daemon.bootstrap.GradleDaemon 9.5.0

Host: AMD Ryzen 7 7735HS with Radeon Graphics        , 16 cores, 5G,  Windows 11 , 64 bit Build 26100 (10.0.26100.9444)
Time: Wed Sep 23 14:21:34 2026 Taipei Standard Time elapsed time: 30.002619 seconds (0d 0h 0m 30s)

---------------  T H R E A D  ---------------

Current thread (0x000002777f101d20):  JavaThread "C2 CompilerThread0" daemon [_thread_in_native, id=1144, stack(0x00000085bbc00000,0x00000085bbd00000) (1024K)]


Current CompileTask:
C2:30003 9781       4       org.gradle.internal.logging.text.AbstractLineChoppingStyledTextOutput::doAppend (43 bytes)

Stack: [0x00000085bbc00000,0x00000085bbd00000]
Native frames: (J=compiled Java code, j=interpreted, Vv=VM code, C=native code)
V  [jvm.dll+0x7bd439]  (no source info available)
V  [jvm.dll+0x78763d]  (no source info available)
V  [jvm.dll+0xa0c885]  (no source info available)
V  [jvm.dll+0xa0ef04]  (no source info available)
V  [jvm.dll+0xa0f603]  (no source info available)
V  [jvm.dll+0x309bf6]  (no source info available)
V  [jvm.dll+0x10ea69]  (no source info available)
V  [jvm.dll+0x10ed92]  (no source info available)
V  [jvm.dll+0x1a9837]  (no source info available)
V  [jvm.dll+0x3bec92]  (no source info available)
V  [jvm.dll+0x7c2cb7]  (no source info available)
V  [jvm.dll+0x2ce046]  (no source info available)
V  [jvm.dll+0x2cd221]  (no source info available)
V  [jvm.dll+0x242ffa]  (no source info available)
V  [jvm.dll+0x2dcc05]  (no source info available)
V  [jvm.dll+0x2dae06]  (no source info available)
V  [jvm.dll+0x49b59e]  (no source info available)
V  [jvm.dll+0x9ab9c8]  (no source info available)
V  [jvm.dll+0x7bb985]  (no source info available)
C  [ucrtbase.dll+0x2cd30]  (no source info available)
C  [KERNEL32.DLL+0x2cd87]  (no source info available)
C  [ntdll.dll+0xacaec]  (no source info available)

Lock stack of current Java thread (top to bottom):


---------------  P R O C E S S  ---------------

Threads class SMR info:
_java_thread_list=0x000002770b923d40, length=77, elements={
0x0000027768c0fa50, 0x000002777f0ec4f0, 0x000002777f129800, 0x000002777f0ed9f0,
0x000002777f0fbba0, 0x000002777f0fc760, 0x000002777f0fd320, 0x000002777f100690,
0x000002777f101d20, 0x000002777f10d570, 0x000002777f796bc0, 0x0000027706f18f80,
0x0000027708823150, 0x00000277087b8a00, 0x000002770869b7d0, 0x0000027708b1ea20,
0x0000027708723cb0, 0x00000277067f8590, 0x0000027708534920, 0x0000027708531270,
0x0000027708531a40, 0x0000027708536090, 0x0000027708537030, 0x0000027708c2afd0,
0x0000027708c2cf10, 0x0000027708c2d6e0, 0x0000027708c2deb0, 0x0000027708c30d90,
0x0000027708c2f620, 0x0000027709dfdde0, 0x0000027709dfed80, 0x0000027709dfb6d0,
0x000002770aa087d0, 0x000002770aa07830, 0x000002770aa0a710, 0x000002770aa0d5f0,
0x000002770aa08000, 0x000002770aa0be80, 0x000002770aa28890, 0x000002770aa2a7d0,
0x000002770aa27120, 0x000002770aa280c0, 0x000002770aa278f0, 0x000002770b0e9f70,
0x000002770b0e97a0, 0x000002770b0ea740, 0x000002770b0eb6e0, 0x000002770b0ebeb0,
0x000002770b0e8800, 0x000002770b0ece50, 0x000002770b0eed90, 0x000002770b0ef870,
0x000002770b0f0810, 0x000002770b0f3ec0, 0x000002770b0f0fe0, 0x000002770b0f17b0,
0x000002770b0f5e00, 0x000002770b0f6da0, 0x000002770b377ac0, 0x000002770b3772f0,
0x000002770b374be0, 0x000002770b3753b0, 0x000002770b379230, 0x000002770b37b170,
0x000002770b37a1d0, 0x000002770b379a00, 0x000002770add0e90, 0x000002770adcfef0,
0x000002770add2600, 0x000002770add2dd0, 0x000002770add4540, 0x000002770add6c50,
0x000002770add7420, 0x000002770add3d70, 0x000002770addaad0, 0x000002770addb2a0,
0x000002770add8b90
}

Java Threads: ( => current thread )
  0x0000027768c0fa50 JavaThread "main"                              [_thread_blocked, id=12352, stack(0x00000085bad00000,0x00000085bae00000) (1024K)]
  0x000002777f0ec4f0 JavaThread "Common-Cleaner"             daemon [_thread_blocked, id=16912, stack(0x00000085bb500000,0x00000085bb600000) (1024K)]
  0x000002777f129800 JavaThread "Reference Handler"          daemon [_thread_blocked, id=3744, stack(0x00000085bb600000,0x00000085bb700000) (1024K)]
  0x000002777f0ed9f0 JavaThread "Finalizer"                  daemon [_thread_blocked, id=13408, stack(0x00000085bb700000,0x00000085bb800000) (1024K)]
  0x000002777f0fbba0 JavaThread "Signal Dispatcher"          daemon [_thread_blocked, id=12476, stack(0x00000085bb800000,0x00000085bb900000) (1024K)]
  0x000002777f0fc760 JavaThread "Attach Listener"            daemon [_thread_blocked, id=32676, stack(0x00000085bb900000,0x00000085bba00000) (1024K)]
  0x000002777f0fd320 JavaThread "Service Thread"             daemon [_thread_blocked, id=13596, stack(0x00000085bba00000,0x00000085bbb00000) (1024K)]
  0x000002777f100690 JavaThread "Monitor Deflation Thread"   daemon [_thread_blocked, id=4772, stack(0x00000085bbb00000,0x00000085bbc00000) (1024K)]
=>0x000002777f101d20 JavaThread "C2 CompilerThread0"         daemon [_thread_in_native, id=1144, stack(0x00000085bbc00000,0x00000085bbd00000) (1024K)]
  0x000002777f10d570 JavaThread "C1 CompilerThread0"         daemon [_thread_blocked, id=25676, stack(0x00000085bbd00000,0x00000085bbe00000) (1024K)]
  0x000002777f796bc0 JavaThread "Notification Thread"        daemon [_thread_blocked, id=16184, stack(0x00000085bbf00000,0x00000085bc000000) (1024K)]
  0x0000027706f18f80 JavaThread "Daemon health stats"               [_thread_blocked, id=27304, stack(0x00000085bc600000,0x00000085bc700000) (1024K)]
  0x0000027708823150 JavaThread "Incoming local TCP Connector on port 62643"        [_thread_in_native, id=34272, stack(0x00000085bc700000,0x00000085bc800000) (1024K)]
  0x00000277087b8a00 JavaThread "Daemon periodic checks"            [_thread_blocked, id=23608, stack(0x00000085bc800000,0x00000085bc900000) (1024K)]
  0x000002770869b7d0 JavaThread "Daemon"                            [_thread_blocked, id=14968, stack(0x00000085bc900000,0x00000085bca00000) (1024K)]
  0x0000027708b1ea20 JavaThread "Handler for socket connection from /127.0.0.1:62643 to /127.0.0.1:62644"        [_thread_in_native, id=29120, stack(0x00000085bca00000,0x00000085bcb00000) (1024K)]
  0x0000027708723cb0 JavaThread "Cancel handler"                    [_thread_blocked, id=12048, stack(0x00000085bcb00000,0x00000085bcc00000) (1024K)]
  0x00000277067f8590 JavaThread "Daemon worker"                     [_thread_blocked, id=1848, stack(0x00000085bcc00000,0x00000085bcd00000) (1024K)]
  0x0000027708534920 JavaThread "Asynchronous log dispatcher for DefaultDaemonConnection: socket connection from /127.0.0.1:62643 to /127.0.0.1:62644"        [_thread_blocked, id=25292, stack(0x00000085bd600000,0x00000085bd700000) (1024K)]
  0x0000027708531270 JavaThread "Stdin handler"                     [_thread_blocked, id=30800, stack(0x00000085bd700000,0x00000085bd800000) (1024K)]
  0x0000027708531a40 JavaThread "Daemon client event forwarder"        [_thread_blocked, id=14048, stack(0x00000085bd800000,0x00000085bd900000) (1024K)]
  0x0000027708536090 JavaThread "Cache worker for journal cache (C:\Users\LENOVO\.gradle\caches\journal-1)"        [_thread_blocked, id=25476, stack(0x00000085bd900000,0x00000085bda00000) (1024K)]
  0x0000027708537030 JavaThread "File lock request listener"        [_thread_in_native, id=29244, stack(0x00000085bda00000,0x00000085bdb00000) (1024K)]
  0x0000027708c2afd0 JavaThread "Cache worker for file hash cache (C:\Users\LENOVO\.gradle\caches\9.5.0\fileHashes)"        [_thread_blocked, id=10952, stack(0x00000085bdb00000,0x00000085bdc00000) (1024K)]
  0x0000027708c2cf10 JavaThread "Cache worker for file hash cache (C:\edp-android-ecotrack\EcoTrack-fe\.gradle\9.5.0\fileHashes)"        [_thread_blocked, id=4372, stack(0x00000085bdc00000,0x00000085bdd00000) (1024K)]
  0x0000027708c2d6e0 JavaThread "Cache worker for checksums cache (C:\edp-android-ecotrack\EcoTrack-fe\.gradle\9.5.0\checksums)"        [_thread_blocked, id=20940, stack(0x00000085bdd00000,0x00000085bde00000) (1024K)]
  0x0000027708c2deb0 JavaThread "Cache worker for Build Output Cleanup Cache (C:\edp-android-ecotrack\EcoTrack-fe\.gradle\buildOutputCleanup)"        [_thread_blocked, id=26200, stack(0x00000085bde00000,0x00000085bdf00000) (1024K)]
  0x0000027708c30d90 JavaThread "Cache worker for file content cache (C:\Users\LENOVO\.gradle\caches\9.5.0\fileContent)"        [_thread_blocked, id=31340, stack(0x00000085bdf00000,0x00000085be000000) (1024K)]
  0x0000027708c2f620 JavaThread "File watcher server"        daemon [_thread_in_native, id=34320, stack(0x00000085be000000,0x00000085be100000) (1024K)]
  0x0000027709dfdde0 JavaThread "File watcher consumer"      daemon [_thread_blocked, id=2788, stack(0x00000085be100000,0x00000085be200000) (1024K)]
  0x0000027709dfed80 JavaThread "Cache worker for cache directory md-supplier (C:\Users\LENOVO\.gradle\caches\9.5.0\md-supplier)"        [_thread_blocked, id=34004, stack(0x00000085be200000,0x00000085be300000) (1024K)]
  0x0000027709dfb6d0 JavaThread "Cache worker for cache directory md-rule (C:\Users\LENOVO\.gradle\caches\9.5.0\md-rule)"        [_thread_blocked, id=13460, stack(0x00000085be300000,0x00000085be400000) (1024K)]
  0x000002770aa087d0 JavaThread "build event listener"              [_thread_blocked, id=17832, stack(0x00000085be500000,0x00000085be600000) (1024K)]
  0x000002770aa07830 JavaThread "build event listener"              [_thread_blocked, id=26344, stack(0x00000085be600000,0x00000085be700000) (1024K)]
  0x000002770aa0a710 JavaThread "build event listener"              [_thread_blocked, id=15300, stack(0x00000085be700000,0x00000085be800000) (1024K)]
  0x000002770aa0d5f0 JavaThread "Build operations"                  [_thread_blocked, id=14224, stack(0x00000085be800000,0x00000085be900000) (1024K)]
  0x000002770aa08000 JavaThread "Memory manager"                    [_thread_blocked, id=26728, stack(0x00000085be400000,0x00000085be500000) (1024K)]
  0x000002770aa0be80 JavaThread "included builds"                   [_thread_blocked, id=5292, stack(0x00000085be900000,0x00000085bea00000) (1024K)]
  0x000002770aa28890 JavaThread "Execution worker"                  [_thread_blocked, id=22748, stack(0x00000085bea00000,0x00000085beb00000) (1024K)]
  0x000002770aa2a7d0 JavaThread "Execution worker Thread 2"         [_thread_blocked, id=6652, stack(0x00000085beb00000,0x00000085bec00000) (1024K)]
  0x000002770aa27120 JavaThread "Execution worker Thread 3"         [_thread_blocked, id=11300, stack(0x00000085bec00000,0x00000085bed00000) (1024K)]
  0x000002770aa280c0 JavaThread "Execution worker Thread 4"         [_thread_blocked, id=2884, stack(0x00000085bed00000,0x00000085bee00000) (1024K)]
  0x000002770aa278f0 JavaThread "Execution worker Thread 5"         [_thread_blocked, id=34548, stack(0x00000085bee00000,0x00000085bef00000) (1024K)]
  0x000002770b0e9f70 JavaThread "Execution worker Thread 6"         [_thread_blocked, id=18300, stack(0x00000085bef00000,0x00000085bf000000) (1024K)]
  0x000002770b0e97a0 JavaThread "Execution worker Thread 7"         [_thread_blocked, id=18328, stack(0x00000085bf000000,0x00000085bf100000) (1024K)]
  0x000002770b0ea740 JavaThread "Execution worker Thread 8"         [_thread_blocked, id=25304, stack(0x00000085bf100000,0x00000085bf200000) (1024K)]
  0x000002770b0eb6e0 JavaThread "Execution worker Thread 9"         [_thread_blocked, id=33992, stack(0x00000085bf200000,0x00000085bf300000) (1024K)]
  0x000002770b0ebeb0 JavaThread "Execution worker Thread 10"        [_thread_blocked, id=16416, stack(0x00000085bf300000,0x00000085bf400000) (1024K)]
  0x000002770b0e8800 JavaThread "Execution worker Thread 11"        [_thread_blocked, id=2324, stack(0x00000085bf400000,0x00000085bf500000) (1024K)]
  0x000002770b0ece50 JavaThread "Execution worker Thread 12"        [_thread_blocked, id=33848, stack(0x00000085bf500000,0x00000085bf600000) (1024K)]
  0x000002770b0eed90 JavaThread "Execution worker Thread 13"        [_thread_blocked, id=28840, stack(0x00000085bf600000,0x00000085bf700000) (1024K)]
  0x000002770b0ef870 JavaThread "Execution worker Thread 14"        [_thread_blocked, id=31736, stack(0x00000085bf700000,0x00000085bf800000) (1024K)]
  0x000002770b0f0810 JavaThread "Execution worker Thread 15"        [_thread_blocked, id=11220, stack(0x00000085bf800000,0x00000085bf900000) (1024K)]
  0x000002770b0f3ec0 JavaThread "Cache worker for execution history cache (C:\edp-android-ecotrack\EcoTrack-fe\.gradle\9.5.0\executionHistory)"        [_thread_blocked, id=20240, stack(0x00000085bf900000,0x00000085bfa00000) (1024K)]
  0x000002770b0f0fe0 JavaThread "Build operations Thread 2"         [_thread_blocked, id=11784, stack(0x00000085bfa00000,0x00000085bfb00000) (1024K)]
  0x000002770b0f17b0 JavaThread "Build operations Thread 3"         [_thread_blocked, id=31344, stack(0x00000085bfb00000,0x00000085bfc00000) (1024K)]
  0x000002770b0f5e00 JavaThread "Build operations Thread 4"         [_thread_blocked, id=496, stack(0x00000085bfc00000,0x00000085bfd00000) (1024K)]
  0x000002770b0f6da0 JavaThread "Build operations Thread 5"         [_thread_blocked, id=3624, stack(0x00000085bfd00000,0x00000085bfe00000) (1024K)]
  0x000002770b377ac0 JavaThread "Build operations Thread 6"         [_thread_blocked, id=21640, stack(0x00000085bfe00000,0x00000085bff00000) (1024K)]
  0x000002770b3772f0 JavaThread "Build operations Thread 7"         [_thread_blocked, id=18804, stack(0x00000085bff00000,0x00000085c0000000) (1024K)]
  0x000002770b374be0 JavaThread "Build operations Thread 8"         [_thread_blocked, id=9436, stack(0x00000085c0000000,0x00000085c0100000) (1024K)]
  0x000002770b3753b0 JavaThread "Build operations Thread 9"         [_thread_blocked, id=26604, stack(0x00000085c0100000,0x00000085c0200000) (1024K)]
  0x000002770b379230 JavaThread "Build operations Thread 10"        [_thread_blocked, id=16572, stack(0x00000085c0200000,0x00000085c0300000) (1024K)]
  0x000002770b37b170 JavaThread "Build operations Thread 11"        [_thread_blocked, id=18332, stack(0x00000085c0300000,0x00000085c0400000) (1024K)]
  0x000002770b37a1d0 JavaThread "Build operations Thread 12"        [_thread_blocked, id=19496, stack(0x00000085c0400000,0x00000085c0500000) (1024K)]
  0x000002770b379a00 JavaThread "Build operations Thread 13"        [_thread_blocked, id=4348, stack(0x00000085c0500000,0x00000085c0600000) (1024K)]
  0x000002770add0e90 JavaThread "Build operations Thread 14"        [_thread_blocked, id=21836, stack(0x00000085c0600000,0x00000085c0700000) (1024K)]
  0x000002770adcfef0 JavaThread "Build operations Thread 15"        [_thread_blocked, id=15920, stack(0x00000085c0700000,0x00000085c0800000) (1024K)]
  0x000002770add2600 JavaThread "Build operations Thread 16"        [_thread_blocked, id=4624, stack(0x00000085c0800000,0x00000085c0900000) (1024K)]
  0x000002770add2dd0 JavaThread "pool-2-thread-1"                   [_thread_blocked, id=16356, stack(0x00000085c0900000,0x00000085c0a00000) (1024K)]
  0x000002770add4540 JavaThread "WorkerExecutor Queue"              [_thread_in_native, id=22780, stack(0x00000085c0a00000,0x00000085c0b00000) (1024K)]
  0x000002770add6c50 JavaThread "RMI Scheduler(0)"           daemon [_thread_blocked, id=12124, stack(0x00000085bbe00000,0x00000085bbf00000) (1024K)]
  0x000002770add7420 JavaThread "RMI RenewClean-[127.0.0.1:17126,org.jetbrains.kotlin.daemon.common.LoopbackNetworkInterface$ClientLoopbackSocketFactory@2b5de335]" daemon [_thread_blocked, id=3036, stack(0x00000085bc500000,0x00000085bc600000) (1024K)]
  0x000002770add3d70 JavaThread "RMI GC Daemon"              daemon [_thread_blocked, id=34056, stack(0x00000085c0b00000,0x00000085c0c00000) (1024K)]
  0x000002770addaad0 JavaThread "RMI TCP Accept-0"           daemon [_thread_in_native, id=34376, stack(0x00000085c0c00000,0x00000085c0d00000) (1024K)]
  0x000002770addb2a0 JavaThread "RMI Reaper"                        [_thread_blocked, id=8788, stack(0x00000085c0d00000,0x00000085c0e00000) (1024K)]
  0x000002770add8b90 JavaThread "RMI TCP Connection(2)-127.0.0.1" daemon [_thread_in_native, id=2200, stack(0x00000085c0e00000,0x00000085c0f00000) (1024K)]
Total: 77

Other Threads:
  0x000002777f0c2a00 VMThread "VM Thread"                           [id=28524, stack(0x00000085bb400000,0x00000085bb500000) (1024K)]
  0x000002777f078a50 WatcherThread "VM Periodic Task Thread"        [id=31784, stack(0x00000085bb300000,0x00000085bb400000) (1024K)]
  0x0000027768c687d0 WorkerThread "GC Thread#0"                     [id=31988, stack(0x00000085bae00000,0x00000085baf00000) (1024K)]
  0x000002770675ecb0 WorkerThread "GC Thread#1"                     [id=25308, stack(0x00000085bc000000,0x00000085bc100000) (1024K)]
  0x00000277067ef500 WorkerThread "GC Thread#2"                     [id=31748, stack(0x00000085bc100000,0x00000085bc200000) (1024K)]
  0x00000277067f0940 WorkerThread "GC Thread#3"                     [id=9248, stack(0x00000085bc200000,0x00000085bc300000) (1024K)]
  0x00000277067f0d70 WorkerThread "GC Thread#4"                     [id=30824, stack(0x00000085bc300000,0x00000085bc400000) (1024K)]
  0x00000277067f1ee0 WorkerThread "GC Thread#5"                     [id=19072, stack(0x00000085bc400000,0x00000085bc500000) (1024K)]
  0x00000277067f2780 WorkerThread "GC Thread#6"                     [id=27960, stack(0x00000085bcd00000,0x00000085bce00000) (1024K)]
  0x00000277067f3d10 WorkerThread "GC Thread#7"                     [id=8104, stack(0x00000085bce00000,0x00000085bcf00000) (1024K)]
  0x00000277067f4160 WorkerThread "GC Thread#8"                     [id=8880, stack(0x00000085bcf00000,0x00000085bd000000) (1024K)]
  0x00000277067f45b0 WorkerThread "GC Thread#9"                     [id=16288, stack(0x00000085bd000000,0x00000085bd100000) (1024K)]
  0x00000277067f11f0 WorkerThread "GC Thread#10"                    [id=6300, stack(0x00000085bd100000,0x00000085bd200000) (1024K)]
  0x00000277067f1a90 WorkerThread "GC Thread#11"                    [id=26692, stack(0x00000085bd200000,0x00000085bd300000) (1024K)]
  0x000002770852ba00 WorkerThread "GC Thread#12"                    [id=27332, stack(0x00000085bd300000,0x00000085bd400000) (1024K)]
  0x0000027768c83690 ConcurrentGCThread "G1 Main Marker"            [id=1880, stack(0x00000085baf00000,0x00000085bb000000) (1024K)]
  0x0000027768c84230 WorkerThread "G1 Conc#0"                       [id=27244, stack(0x00000085bb000000,0x00000085bb100000) (1024K)]
  0x000002770852b5b0 WorkerThread "G1 Conc#1"                       [id=23720, stack(0x00000085bd400000,0x00000085bd500000) (1024K)]
  0x000002770852be50 WorkerThread "G1 Conc#2"                       [id=23428, stack(0x00000085bd500000,0x00000085bd600000) (1024K)]
  0x0000027768cceb10 ConcurrentGCThread "G1 Refine#0"               [id=17004, stack(0x00000085bb100000,0x00000085bb200000) (1024K)]
  0x000002777ef4a890 ConcurrentGCThread "G1 Service"                [id=16608, stack(0x00000085bb200000,0x00000085bb300000) (1024K)]
Total: 21

Threads with active compile tasks:
C2 CompilerThread0  30182 9781       4       org.gradle.internal.logging.text.AbstractLineChoppingStyledTextOutput::doAppend (43 bytes)
Total: 1

VM state: not at safepoint (normal execution)

VM Mutex/Monitor currently owned by a thread: None

Heap address: 0x0000000080000000, size: 2048 MB, Compressed Oops mode: 32-bit

CDS archive(s) not mapped
Compressed class space mapped at: 0x0000000019000000-0x0000000059000000, reserved size: 1073741824
UseCompressedClassPointers 1, UseCompactObjectHeaders 0
Narrow klass pointer bits 32, Max shift 3
Narrow klass base: 0x0000000000000000, Narrow klass shift: 0
Encoding Range: [0x0000000000000000 - 0x0000000100000000), (4294967296 bytes)
Klass Range:    [0x0000000019000000 - 0x0000000059000000), (1073741824 bytes)
Klass ID Range:  [419430400 - 1493172217) (1073741817)
No protection zone.

GC Precious Log:
 CardTable entry size: 512
 Card Set container configuration: InlinePtr #cards 5 size 8 Array Of Cards #cards 10 size 36 Howl #buckets 4 coarsen threshold 1843 Howl Bitmap #cards 512 size 80 coarsen threshold 460 Card regions per heap region 1 cards per card region 2048
 CPUs: 16 total, 16 available
 Memory: 5828M
 Large Page Support: Disabled
 NUMA Support: Disabled
 Compressed Oops: Enabled (32-bit)
 Heap Region Size: 1M
 Heap Min Capacity: 8M
 Heap Initial Capacity: 92M
 Heap Max Capacity: 2G
 Pre-touch: Disabled
 Parallel Workers: 13
 Concurrent Workers: 3
 Concurrent Refinement Workers: 13
 Periodic GC: Disabled

Heap:
 garbage-first heap   total reserved 2097152K, committed 117760K, used 83148K [0x0000000080000000, 0x0000000100000000)
  region size 1024K, 15 young (15360K), 3 survivors (3072K)

Heap Regions: E=young(eden), S=young(survivor), O=old, HS=humongous(starts), HC=humongous(continues), CS=collection set, F=free, TAMS=top-at-mark-start, PB=parsable bottom
|   0|0x0000000080000000, 0x0000000080100000, 0x0000000080100000|100%|HS|  |TAMS 0x0000000080000000| PB 0x0000000080000000| Complete |  0
|   1|0x0000000080100000, 0x0000000080200000, 0x0000000080200000|100%|HC|  |TAMS 0x0000000080100000| PB 0x0000000080100000| Complete |  0
|   2|0x0000000080200000, 0x0000000080300000, 0x0000000080300000|100%|HC|  |TAMS 0x0000000080200000| PB 0x0000000080200000| Complete |  0
|   3|0x0000000080300000, 0x0000000080400000, 0x0000000080400000|100%|HC|  |TAMS 0x0000000080300000| PB 0x0000000080300000| Complete |  0
|   4|0x0000000080400000, 0x0000000080500000, 0x0000000080500000|100%| O|  |TAMS 0x0000000080400000| PB 0x0000000080400000| Untracked |  0
|   5|0x0000000080500000, 0x0000000080600000, 0x0000000080600000|100%| O|  |TAMS 0x0000000080500000| PB 0x0000000080500000| Untracked |  0
|   6|0x0000000080600000, 0x0000000080700000, 0x0000000080700000|100%|HS|  |TAMS 0x0000000080600000| PB 0x0000000080600000| Complete |  0
|   7|0x0000000080700000, 0x0000000080800000, 0x0000000080800000|100%| O|  |TAMS 0x0000000080700000| PB 0x0000000080700000| Untracked |  0
|   8|0x0000000080800000, 0x0000000080900000, 0x0000000080900000|100%| O|  |TAMS 0x0000000080800000| PB 0x0000000080800000| Untracked |  0
|   9|0x0000000080900000, 0x0000000080a00000, 0x0000000080a00000|100%| O|  |TAMS 0x0000000080900000| PB 0x0000000080900000| Untracked |  0
|  10|0x0000000080a00000, 0x0000000080b00000, 0x0000000080b00000|100%| O|  |TAMS 0x0000000080a00000| PB 0x0000000080a00000| Untracked |  0
|  11|0x0000000080b00000, 0x0000000080c00000, 0x0000000080c00000|100%| O|  |TAMS 0x0000000080b00000| PB 0x0000000080b00000| Untracked |  0
|  12|0x0000000080c00000, 0x0000000080d00000, 0x0000000080d00000|100%| O|  |TAMS 0x0000000080c00000| PB 0x0000000080c00000| Untracked |  0
|  13|0x0000000080d00000, 0x0000000080e00000, 0x0000000080e00000|100%| O|  |TAMS 0x0000000080d00000| PB 0x0000000080d00000| Untracked |  0
|  14|0x0000000080e00000, 0x0000000080f00000, 0x0000000080f00000|100%| O|  |TAMS 0x0000000080e00000| PB 0x0000000080e00000| Untracked |  0
|  15|0x0000000080f00000, 0x0000000081000000, 0x0000000081000000|100%| O|  |TAMS 0x0000000080f00000| PB 0x0000000080f00000| Untracked |  0
|  16|0x0000000081000000, 0x0000000081100000, 0x0000000081100000|100%| O|  |TAMS 0x0000000081000000| PB 0x0000000081000000| Untracked |  0
|  17|0x0000000081100000, 0x0000000081200000, 0x0000000081200000|100%|HS|  |TAMS 0x0000000081100000| PB 0x0000000081100000| Complete |  0
|  18|0x0000000081200000, 0x0000000081300000, 0x0000000081300000|100%| O|  |TAMS 0x0000000081200000| PB 0x0000000081200000| Untracked |  0
|  19|0x0000000081300000, 0x0000000081400000, 0x0000000081400000|100%| O|  |TAMS 0x0000000081300000| PB 0x0000000081300000| Untracked |  0
|  20|0x0000000081400000, 0x0000000081500000, 0x0000000081500000|100%| O|  |TAMS 0x0000000081400000| PB 0x0000000081400000| Untracked |  0
|  21|0x0000000081500000, 0x0000000081600000, 0x0000000081600000|100%| O|  |TAMS 0x0000000081500000| PB 0x0000000081500000| Untracked |  0
|  22|0x0000000081600000, 0x0000000081700000, 0x0000000081700000|100%| O|  |TAMS 0x0000000081600000| PB 0x0000000081600000| Untracked |  0
|  23|0x0000000081700000, 0x0000000081800000, 0x0000000081800000|100%| O|  |TAMS 0x0000000081700000| PB 0x0000000081700000| Untracked |  0
|  24|0x0000000081800000, 0x0000000081900000, 0x0000000081900000|100%| O|  |TAMS 0x0000000081800000| PB 0x0000000081800000| Untracked |  0
|  25|0x0000000081900000, 0x0000000081a00000, 0x0000000081a00000|100%|HS|  |TAMS 0x0000000081900000| PB 0x0000000081900000| Complete |  0
|  26|0x0000000081a00000, 0x0000000081b00000, 0x0000000081b00000|100%| O|  |TAMS 0x0000000081a00000| PB 0x0000000081a00000| Untracked |  0
|  27|0x0000000081b00000, 0x0000000081c00000, 0x0000000081c00000|100%| O|  |TAMS 0x0000000081b00000| PB 0x0000000081b00000| Untracked |  0
|  28|0x0000000081c00000, 0x0000000081d00000, 0x0000000081d00000|100%|HS|  |TAMS 0x0000000081c00000| PB 0x0000000081c00000| Complete |  0
|  29|0x0000000081d00000, 0x0000000081e00000, 0x0000000081e00000|100%|HS|  |TAMS 0x0000000081d00000| PB 0x0000000081d00000| Complete |  0
|  30|0x0000000081e00000, 0x0000000081f00000, 0x0000000081f00000|100%|HC|  |TAMS 0x0000000081e00000| PB 0x0000000081e00000| Complete |  0
|  31|0x0000000081f00000, 0x0000000082000000, 0x0000000082000000|100%|HS|  |TAMS 0x0000000081f00000| PB 0x0000000081f00000| Complete |  0
|  32|0x0000000082000000, 0x0000000082100000, 0x0000000082100000|100%|HS|  |TAMS 0x0000000082000000| PB 0x0000000082000000| Complete |  0
|  33|0x0000000082100000, 0x0000000082200000, 0x0000000082200000|100%|HS|  |TAMS 0x0000000082100000| PB 0x0000000082100000| Complete |  0
|  34|0x0000000082200000, 0x0000000082300000, 0x0000000082300000|100%|HC|  |TAMS 0x0000000082200000| PB 0x0000000082200000| Complete |  0
|  35|0x0000000082300000, 0x0000000082400000, 0x0000000082400000|100%| O|  |TAMS 0x0000000082300000| PB 0x0000000082300000| Untracked |  0
|  36|0x0000000082400000, 0x0000000082500000, 0x0000000082500000|100%| O|  |TAMS 0x0000000082400000| PB 0x0000000082400000| Untracked |  0
|  37|0x0000000082500000, 0x0000000082600000, 0x0000000082600000|100%| O|  |TAMS 0x0000000082500000| PB 0x0000000082500000| Untracked |  0
|  38|0x0000000082600000, 0x0000000082700000, 0x0000000082700000|100%| O|  |TAMS 0x0000000082600000| PB 0x0000000082600000| Untracked |  0
|  39|0x0000000082700000, 0x0000000082800000, 0x0000000082800000|100%| O|  |TAMS 0x0000000082700000| PB 0x0000000082700000| Untracked |  0
|  40|0x0000000082800000, 0x0000000082900000, 0x0000000082900000|100%| O|  |TAMS 0x0000000082800000| PB 0x0000000082800000| Untracked |  0
|  41|0x0000000082900000, 0x0000000082a00000, 0x0000000082a00000|100%| O|  |TAMS 0x0000000082900000| PB 0x0000000082900000| Untracked |  0
|  42|0x0000000082a00000, 0x0000000082b00000, 0x0000000082b00000|100%| O|  |TAMS 0x0000000082a00000| PB 0x0000000082a00000| Untracked |  0
|  43|0x0000000082b00000, 0x0000000082c00000, 0x0000000082c00000|100%|HS|  |TAMS 0x0000000082b00000| PB 0x0000000082b00000| Complete |  0
|  44|0x0000000082c00000, 0x0000000082d00000, 0x0000000082d00000|100%|HS|  |TAMS 0x0000000082c00000| PB 0x0000000082c00000| Complete |  0
|  45|0x0000000082d00000, 0x0000000082e00000, 0x0000000082e00000|100%| O|  |TAMS 0x0000000082d00000| PB 0x0000000082d00000| Untracked |  0
|  46|0x0000000082e00000, 0x0000000082f00000, 0x0000000082f00000|100%| O|  |TAMS 0x0000000082e00000| PB 0x0000000082e00000| Untracked |  0
|  47|0x0000000082f00000, 0x0000000083000000, 0x0000000083000000|100%| O|  |TAMS 0x0000000082f00000| PB 0x0000000082f00000| Untracked |  0
|  48|0x0000000083000000, 0x0000000083100000, 0x0000000083100000|100%| O|  |TAMS 0x0000000083000000| PB 0x0000000083000000| Untracked |  0
|  49|0x0000000083100000, 0x0000000083200000, 0x0000000083200000|100%| O|  |TAMS 0x0000000083100000| PB 0x0000000083100000| Untracked |  0
|  50|0x0000000083200000, 0x0000000083300000, 0x0000000083300000|100%| O|  |TAMS 0x0000000083200000| PB 0x0000000083200000| Untracked |  0
|  51|0x0000000083300000, 0x0000000083400000, 0x0000000083400000|100%| O|  |TAMS 0x0000000083300000| PB 0x0000000083300000| Untracked |  0
|  52|0x0000000083400000, 0x0000000083500000, 0x0000000083500000|100%|HS|  |TAMS 0x0000000083400000| PB 0x0000000083400000| Complete |  0
|  53|0x0000000083500000, 0x0000000083600000, 0x0000000083600000|100%| O|  |TAMS 0x0000000083500000| PB 0x0000000083500000| Untracked |  0
|  54|0x0000000083600000, 0x0000000083700000, 0x0000000083700000|100%| O|  |TAMS 0x0000000083600000| PB 0x0000000083600000| Untracked |  0
|  55|0x0000000083700000, 0x0000000083800000, 0x0000000083800000|100%| O|  |TAMS 0x0000000083700000| PB 0x0000000083700000| Untracked |  0
|  56|0x0000000083800000, 0x0000000083900000, 0x0000000083900000|100%| O|  |TAMS 0x0000000083800000| PB 0x0000000083800000| Untracked |  0
|  57|0x0000000083900000, 0x0000000083a00000, 0x0000000083a00000|100%| O|  |TAMS 0x0000000083900000| PB 0x0000000083900000| Untracked |  0
|  58|0x0000000083a00000, 0x0000000083b00000, 0x0000000083b00000|100%| O|  |TAMS 0x0000000083a00000| PB 0x0000000083a00000| Untracked |  0
|  59|0x0000000083b00000, 0x0000000083c00000, 0x0000000083c00000|100%| O|Cm|TAMS 0x0000000083b00000| PB 0x0000000083b00000| Complete |  0
|  60|0x0000000083c00000, 0x0000000083d00000, 0x0000000083d00000|100%| O|  |TAMS 0x0000000083c00000| PB 0x0000000083c00000| Untracked |  0
|  61|0x0000000083d00000, 0x0000000083e00000, 0x0000000083e00000|100%| O|  |TAMS 0x0000000083d00000| PB 0x0000000083d00000| Untracked |  0
|  62|0x0000000083e00000, 0x0000000083f00000, 0x0000000083f00000|100%| O|  |TAMS 0x0000000083e00000| PB 0x0000000083e00000| Untracked |  0
|  63|0x0000000083f00000, 0x0000000084000000, 0x0000000084000000|100%| O|  |TAMS 0x0000000083f00000| PB 0x0000000083f00000| Untracked |  0
|  64|0x0000000084000000, 0x0000000084100000, 0x0000000084100000|100%| O|  |TAMS 0x0000000084000000| PB 0x0000000084000000| Untracked |  0
|  65|0x0000000084100000, 0x0000000084100000, 0x0000000084200000|  0%| F|  |TAMS 0x0000000084100000| PB 0x0000000084100000| Untracked |  0
|  66|0x0000000084200000, 0x0000000084200000, 0x0000000084300000|  0%| F|  |TAMS 0x0000000084200000| PB 0x0000000084200000| Untracked |  0
|  67|0x0000000084300000, 0x0000000084300000, 0x0000000084400000|  0%| F|  |TAMS 0x0000000084300000| PB 0x0000000084300000| Untracked |  0
|  68|0x0000000084400000, 0x0000000084400000, 0x0000000084500000|  0%| F|  |TAMS 0x0000000084400000| PB 0x0000000084400000| Untracked |  0
|  69|0x0000000084500000, 0x0000000084600000, 0x0000000084600000|100%| O|  |TAMS 0x0000000084500000| PB 0x0000000084500000| Untracked |  0
|  70|0x0000000084600000, 0x0000000084600000, 0x0000000084700000|  0%| F|  |TAMS 0x0000000084600000| PB 0x0000000084600000| Untracked |  0
|  71|0x0000000084700000, 0x0000000084700000, 0x0000000084800000|  0%| F|  |TAMS 0x0000000084700000| PB 0x0000000084700000| Untracked |  0
|  72|0x0000000084800000, 0x0000000084800000, 0x0000000084900000|  0%| F|  |TAMS 0x0000000084800000| PB 0x0000000084800000| Untracked |  0
|  73|0x0000000084900000, 0x0000000084900000, 0x0000000084a00000|  0%| F|  |TAMS 0x0000000084900000| PB 0x0000000084900000| Untracked |  0
|  74|0x0000000084a00000, 0x0000000084a00000, 0x0000000084b00000|  0%| F|  |TAMS 0x0000000084a00000| PB 0x0000000084a00000| Untracked |  0
|  75|0x0000000084b00000, 0x0000000084b00000, 0x0000000084c00000|  0%| F|  |TAMS 0x0000000084b00000| PB 0x0000000084b00000| Untracked |  0
|  76|0x0000000084c00000, 0x0000000084c00000, 0x0000000084d00000|  0%| F|  |TAMS 0x0000000084c00000| PB 0x0000000084c00000| Untracked |  0
|  77|0x0000000084d00000, 0x0000000084d00000, 0x0000000084e00000|  0%| F|  |TAMS 0x0000000084d00000| PB 0x0000000084d00000| Untracked |  0
|  78|0x0000000084e00000, 0x0000000084e00000, 0x0000000084f00000|  0%| F|  |TAMS 0x0000000084e00000| PB 0x0000000084e00000| Untracked |  0
|  79|0x0000000084f00000, 0x0000000084f330d8, 0x0000000085000000| 19%| S|CS|TAMS 0x0000000084f00000| PB 0x0000000084f00000| Complete |  0
|  80|0x0000000085000000, 0x0000000085100000, 0x0000000085100000|100%| S|CS|TAMS 0x0000000085000000| PB 0x0000000085000000| Complete |  0
|  81|0x0000000085100000, 0x0000000085200000, 0x0000000085200000|100%| S|CS|TAMS 0x0000000085100000| PB 0x0000000085100000| Complete |  0
|  82|0x0000000085200000, 0x0000000085200000, 0x0000000085300000|  0%| F|  |TAMS 0x0000000085200000| PB 0x0000000085200000| Untracked |  0
|  83|0x0000000085300000, 0x0000000085300000, 0x0000000085400000|  0%| F|  |TAMS 0x0000000085300000| PB 0x0000000085300000| Untracked |  0
|  84|0x0000000085400000, 0x0000000085400000, 0x0000000085500000|  0%| F|  |TAMS 0x0000000085400000| PB 0x0000000085400000| Untracked |  0
|  85|0x0000000085500000, 0x0000000085500000, 0x0000000085600000|  0%| F|  |TAMS 0x0000000085500000| PB 0x0000000085500000| Untracked |  0
|  86|0x0000000085600000, 0x0000000085600000, 0x0000000085700000|  0%| F|  |TAMS 0x0000000085600000| PB 0x0000000085600000| Untracked |  0
|  87|0x0000000085700000, 0x0000000085700000, 0x0000000085800000|  0%| F|  |TAMS 0x0000000085700000| PB 0x0000000085700000| Untracked |  0
|  88|0x0000000085800000, 0x0000000085800000, 0x0000000085900000|  0%| F|  |TAMS 0x0000000085800000| PB 0x0000000085800000| Untracked |  0
|  89|0x0000000085900000, 0x0000000085900000, 0x0000000085a00000|  0%| F|  |TAMS 0x0000000085900000| PB 0x0000000085900000| Untracked |  0
|  90|0x0000000085a00000, 0x0000000085a00000, 0x0000000085b00000|  0%| F|  |TAMS 0x0000000085a00000| PB 0x0000000085a00000| Untracked |  0
|  91|0x0000000085b00000, 0x0000000085b00000, 0x0000000085c00000|  0%| F|  |TAMS 0x0000000085b00000| PB 0x0000000085b00000| Untracked |  0
|  92|0x0000000085c00000, 0x0000000085c00000, 0x0000000085d00000|  0%| F|  |TAMS 0x0000000085c00000| PB 0x0000000085c00000| Untracked |  0
|  93|0x0000000085d00000, 0x0000000085d00000, 0x0000000085e00000|  0%| F|  |TAMS 0x0000000085d00000| PB 0x0000000085d00000| Untracked |  0
|  94|0x0000000085e00000, 0x0000000085e00000, 0x0000000085f00000|  0%| F|  |TAMS 0x0000000085e00000| PB 0x0000000085e00000| Untracked |  0
|  95|0x0000000085f00000, 0x0000000085f00000, 0x0000000086000000|  0%| F|  |TAMS 0x0000000085f00000| PB 0x0000000085f00000| Untracked |  0
|  96|0x0000000086000000, 0x0000000086000000, 0x0000000086100000|  0%| F|  |TAMS 0x0000000086000000| PB 0x0000000086000000| Untracked |  0
|  97|0x0000000086100000, 0x0000000086100000, 0x0000000086200000|  0%| F|  |TAMS 0x0000000086100000| PB 0x0000000086100000| Untracked |  0
|  98|0x0000000086200000, 0x0000000086200000, 0x0000000086300000|  0%| F|  |TAMS 0x0000000086200000| PB 0x0000000086200000| Untracked |  0
|  99|0x0000000086300000, 0x0000000086300000, 0x0000000086400000|  0%| F|  |TAMS 0x0000000086300000| PB 0x0000000086300000| Untracked |  0
| 100|0x0000000086400000, 0x00000000864218b8, 0x0000000086500000| 13%| E|  |TAMS 0x0000000086400000| PB 0x0000000086400000| Complete |  0
| 101|0x0000000086500000, 0x0000000086600000, 0x0000000086600000|100%| E|CS|TAMS 0x0000000086500000| PB 0x0000000086500000| Complete |  0
| 102|0x0000000086600000, 0x0000000086700000, 0x0000000086700000|100%| E|CS|TAMS 0x0000000086600000| PB 0x0000000086600000| Complete |  0
| 103|0x0000000086700000, 0x0000000086800000, 0x0000000086800000|100%| E|CS|TAMS 0x0000000086700000| PB 0x0000000086700000| Complete |  0
| 104|0x0000000086800000, 0x0000000086900000, 0x0000000086900000|100%| E|CS|TAMS 0x0000000086800000| PB 0x0000000086800000| Complete |  0
| 105|0x0000000086900000, 0x0000000086a00000, 0x0000000086a00000|100%| E|CS|TAMS 0x0000000086900000| PB 0x0000000086900000| Complete |  0
| 106|0x0000000086a00000, 0x0000000086b00000, 0x0000000086b00000|100%| E|CS|TAMS 0x0000000086a00000| PB 0x0000000086a00000| Complete |  0
| 107|0x0000000086b00000, 0x0000000086c00000, 0x0000000086c00000|100%| E|CS|TAMS 0x0000000086b00000| PB 0x0000000086b00000| Complete |  0
| 108|0x0000000086c00000, 0x0000000086d00000, 0x0000000086d00000|100%| E|CS|TAMS 0x0000000086c00000| PB 0x0000000086c00000| Complete |  0
| 109|0x0000000086d00000, 0x0000000086e00000, 0x0000000086e00000|100%| E|  |TAMS 0x0000000086d00000| PB 0x0000000086d00000| Complete |  0
| 110|0x0000000086e00000, 0x0000000086f00000, 0x0000000086f00000|100%| E|CS|TAMS 0x0000000086e00000| PB 0x0000000086e00000| Complete |  0
| 111|0x0000000086f00000, 0x0000000087000000, 0x0000000087000000|100%| E|CS|TAMS 0x0000000086f00000| PB 0x0000000086f00000| Complete |  0
|2045|0x00000000ffd00000, 0x00000000ffe00000, 0x00000000ffe00000|100%| O|  |TAMS 0x00000000ffd00000| PB 0x00000000ffd00000| Untracked |  0
|2046|0x00000000ffe00000, 0x00000000fff00000, 0x00000000fff00000|100%| O|Cm|TAMS 0x00000000ffe00000| PB 0x00000000ffe00000| Complete |  0
|2047|0x00000000fff00000, 0x0000000100000000, 0x0000000100000000|100%| O|  |TAMS 0x00000000fff00000| PB 0x00000000fff00000| Untracked |  0

Card table byte_map: [0x000002777bd90000,0x000002777c190000] _byte_map_base: 0x000002777b990000

Marking Bits: (CMBitMap*) 0x0000027768c69770
 Bits: [0x000002777c190000, 0x000002777e190000)

Polling page: 0x0000027766950000

Metaspace:
Metaspace        used 81903K, committed 83584K, reserved 1179648K
 class space     used 11690K, committed 12480K, reserved 1048576K

Usage:
  Non-class:     68.57 MB used.
      Class:     11.42 MB used.
       Both:     79.98 MB used.

Virtual space:
  Non-class space:      128.00 MB reserved,      69.44 MB ( 54%) committed,  2 nodes.
      Class space:        1.00 GB reserved,      12.19 MB (  1%) committed,  1 nodes.
             Both:        1.12 GB reserved,      81.62 MB (  7%) committed. 

Chunk freelists:
   Non-Class:  10.44 MB
       Class:  3.87 MB
        Both:  14.30 MB

MaxMetaspaceSize: unlimited
CompressedClassSpaceSize: 1.00 GB
Initial GC threshold: 21.00 MB
Current GC threshold: 132.50 MB
CDS: off
 - commit_granule_bytes: 65536.
 - commit_granule_words: 8192.
 - virtual_space_node_default_size: 8388608.
 - enlarge_chunks_in_place: 1.
UseCompressedClassPointers 1, UseCompactObjectHeaders 0
Narrow klass pointer bits 32, Max shift 3
Narrow klass base: 0x0000000000000000, Narrow klass shift: 0
Encoding Range: [0x0000000000000000 - 0x0000000100000000), (4294967296 bytes)
Klass Range:    [0x0000000019000000 - 0x0000000059000000), (1073741824 bytes)
Klass ID Range:  [419430400 - 1493172217) (1073741817)
No protection zone.


Internal statistics:

num_allocs_failed_limit: 6.
num_arena_births: 3300.
num_arena_deaths: 16.
num_vsnodes_births: 3.
num_vsnodes_deaths: 0.
num_space_committed: 1305.
num_space_uncommitted: 0.
num_chunks_returned_to_freelist: 30.
num_chunks_taken_from_freelist: 6601.
num_chunk_merges: 4.
num_chunk_splits: 4317.
num_chunks_enlarged: 2685.
num_inconsistent_stats: 0.

CodeHeap 'non-profiled nmethods': size=119232Kb used=3146Kb max_used=3146Kb free=116085Kb
 bounds [0x0000027773c90000, 0x0000027773fb0000, 0x000002777b100000]
CodeHeap 'profiled nmethods': size=119104Kb used=13317Kb max_used=13317Kb free=105786Kb
 bounds [0x000002776c100000, 0x000002776ce10000, 0x0000027773550000]
CodeHeap 'non-nmethods': size=7424Kb used=1963Kb max_used=3218Kb free=5460Kb
 bounds [0x0000027773550000, 0x00000277738a0000, 0x0000027773c90000]
CodeCache: size=245760Kb, used=18426Kb, max_used=19681Kb, free=227331Kb
 total_blobs=9479, nmethods=8649, adapters=731, full_count=0
Compilation: enabled, stopped_count=0, restarted_count=0

Compilation events (20 events):
Event: 29.801 Thread 0x000002777f10d570 9764   !   3       java.io.ObjectStreamClass::getPrivateMethod (56 bytes)
Event: 29.802 Thread 0x000002777f10d570 nmethod 9764 0x000002776cdfd488 code [0x000002776cdfd580, 0x000002776cdfdd48]
Event: 29.908 Thread 0x000002777f10d570 9765   !   3       java.util.concurrent.ArrayBlockingQueue::offer (56 bytes)
Event: 29.910 Thread 0x000002777f10d570 nmethod 9765 0x000002776cdfdd88 code [0x000002776cdfde80, 0x000002776cdfed98]
Event: 29.910 Thread 0x000002777f10d570 9766       1       org.gradle.fileevents.internal.NativeLogger$LogLevel::getLogger (5 bytes)
Event: 29.910 Thread 0x000002777f10d570 nmethod 9766 0x0000027773fa1108 code [0x0000027773fa1200, 0x0000027773fa12c8]
Event: 29.913 Thread 0x000002777f101d20 9767       4       java.util.concurrent.locks.AbstractQueuedSynchronizer$Node::clearStatus (12 bytes)
Event: 29.913 Thread 0x000002777f101d20 nmethod 9767 0x0000027773fa1408 code [0x0000027773fa1500, 0x0000027773fa1578]
Event: 29.949 Thread 0x000002777f101d20 9768   !   4       java.io.ObjectInputStream$BlockDataInputStream::readUTFSpan (472 bytes)
Event: 29.956 Thread 0x000002777f101d20 nmethod 9768 0x0000027773fa1708 code [0x0000027773fa1800, 0x0000027773fa1b78]
Event: 29.956 Thread 0x000002777f101d20 9769       4       org.gradle.internal.logging.text.AbstractLineChoppingStyledTextOutput$1::execute (9 bytes)
Event: 29.956 Thread 0x000002777f10d570 9779       2       org.gradle.internal.logging.text.AbstractLineChoppingStyledTextOutput::doAppend (43 bytes)
Event: 29.957 Thread 0x000002777f10d570 nmethod 9779 0x000002776cdfee08 code [0x000002776cdfef00, 0x000002776cdff1d8]
Event: 29.958 Thread 0x000002777f10d570 9782       3       org.gradle.internal.logging.text.AbstractLineChoppingStyledTextOutput$StateContext::flushLineText (113 bytes)
Event: 29.959 Thread 0x000002777f10d570 nmethod 9782 0x000002776cdff208 code [0x000002776cdff300, 0x000002776ce00000]
Event: 29.959 Thread 0x000002777f10d570 9783       3       org.gradle.internal.logging.console.StyledTextOutputBackedRenderer$OutputEventTextOutputImpl::doLineText (17 bytes)
Event: 29.960 Thread 0x000002777f10d570 nmethod 9783 0x000002776ce00088 code [0x000002776ce00180, 0x000002776ce00570]
Event: 29.969 Thread 0x000002777f101d20 nmethod 9769 0x0000027773fa1b88 code [0x0000027773fa1c80, 0x0000027773fa2458]
Event: 29.969 Thread 0x000002777f101d20 9781       4       org.gradle.internal.logging.text.AbstractLineChoppingStyledTextOutput::doAppend (43 bytes)
Event: 29.995 Thread 0x000002777f10d570 9785       1       org.gradle.internal.watch.registry.impl.DefaultFileWatcherRegistry::access$100 (5 bytes)

GC Heap Usage History (20 events):
Event: 7.319 {heap Before GC invocations=16 (full 0):
 garbage-first heap   total reserved 2097152K, committed 81920K, used 69440K [0x0000000080000000, 0x0000000100000000)
  region size 1024K, 24 young (24576K), 3 survivors (3072K)
}
Event: 7.322 {heap After GC invocations=17 (full 0):
 garbage-first heap   total reserved 2097152K, committed 98304K, used 49989K [0x0000000080000000, 0x0000000100000000)
  region size 1024K, 3 young (3072K), 3 survivors (3072K)
}
Event: 7.898 {heap Before GC invocations=17 (full 0):
 garbage-first heap   total reserved 2097152K, committed 98304K, used 88901K [0x0000000080000000, 0x0000000100000000)
  region size 1024K, 39 young (39936K), 3 survivors (3072K)
}
Event: 7.905 {heap After GC invocations=18 (full 0):
 garbage-first heap   total reserved 2097152K, committed 98304K, used 55360K [0x0000000080000000, 0x0000000100000000)
  region size 1024K, 5 young (5120K), 5 survivors (5120K)
}
Event: 8.424 {heap Before GC invocations=18 (full 0):
 garbage-first heap   total reserved 2097152K, committed 98304K, used 87104K [0x0000000080000000, 0x0000000100000000)
  region size 1024K, 36 young (36864K), 5 survivors (5120K)
}
Event: 8.428 {heap After GC invocations=19 (full 0):
 garbage-first heap   total reserved 2097152K, committed 98304K, used 58265K [0x0000000080000000, 0x0000000100000000)
  region size 1024K, 3 young (3072K), 3 survivors (3072K)
}
Event: 8.791 {heap Before GC invocations=20 (full 0):
 garbage-first heap   total reserved 2097152K, committed 99328K, used 87961K [0x0000000080000000, 0x0000000100000000)
  region size 1024K, 33 young (33792K), 3 survivors (3072K)
}
Event: 8.797 {heap After GC invocations=21 (full 0):
 garbage-first heap   total reserved 2097152K, committed 99328K, used 59596K [0x0000000080000000, 0x0000000100000000)
  region size 1024K, 4 young (4096K), 4 survivors (4096K)
}
Event: 9.118 {heap Before GC invocations=21 (full 0):
 garbage-first heap   total reserved 2097152K, committed 99328K, used 95436K [0x0000000080000000, 0x0000000100000000)
  region size 1024K, 34 young (34816K), 4 survivors (4096K)
}
Event: 9.125 {heap After GC invocations=22 (full 0):
 garbage-first heap   total reserved 2097152K, committed 105472K, used 62179K [0x0000000080000000, 0x0000000100000000)
  region size 1024K, 4 young (4096K), 4 survivors (4096K)
}
Event: 9.406 {heap Before GC invocations=22 (full 0):
 garbage-first heap   total reserved 2097152K, committed 105472K, used 94947K [0x0000000080000000, 0x0000000100000000)
  region size 1024K, 37 young (37888K), 4 survivors (4096K)
}
Event: 9.412 {heap After GC invocations=23 (full 0):
 garbage-first heap   total reserved 2097152K, committed 105472K, used 63799K [0x0000000080000000, 0x0000000100000000)
  region size 1024K, 4 young (4096K), 4 survivors (4096K)
}
Event: 9.892 {heap Before GC invocations=24 (full 0):
 garbage-first heap   total reserved 2097152K, committed 107520K, used 96567K [0x0000000080000000, 0x0000000100000000)
  region size 1024K, 37 young (37888K), 4 survivors (4096K)
}
Event: 9.896 {heap After GC invocations=25 (full 0):
 garbage-first heap   total reserved 2097152K, committed 107520K, used 65787K [0x0000000080000000, 0x0000000100000000)
  region size 1024K, 4 young (4096K), 4 survivors (4096K)
}
Event: 10.437 {heap Before GC invocations=25 (full 0):
 garbage-first heap   total reserved 2097152K, committed 107520K, used 98555K [0x0000000080000000, 0x0000000100000000)
  region size 1024K, 37 young (37888K), 4 survivors (4096K)
}
Event: 10.442 {heap After GC invocations=26 (full 0):
 garbage-first heap   total reserved 2097152K, committed 107520K, used 66479K [0x0000000080000000, 0x0000000100000000)
  region size 1024K, 4 young (4096K), 4 survivors (4096K)
}
Event: 10.811 {heap Before GC invocations=26 (full 0):
 garbage-first heap   total reserved 2097152K, committed 107520K, used 100271K [0x0000000080000000, 0x0000000100000000)
  region size 1024K, 37 young (37888K), 4 survivors (4096K)
}
Event: 10.817 {heap After GC invocations=27 (full 0):
 garbage-first heap   total reserved 2097152K, committed 108544K, used 70612K [0x0000000080000000, 0x0000000100000000)
  region size 1024K, 5 young (5120K), 5 survivors (5120K)
}
Event: 11.079 {heap Before GC invocations=28 (full 0):
 garbage-first heap   total reserved 2097152K, committed 117760K, used 100308K [0x0000000080000000, 0x0000000100000000)
  region size 1024K, 34 young (34816K), 5 survivors (5120K)
}
Event: 11.084 {heap After GC invocations=29 (full 0):
 garbage-first heap   total reserved 2097152K, committed 117760K, used 72908K [0x0000000080000000, 0x0000000100000000)
  region size 1024K, 3 young (3072K), 3 survivors (3072K)
}

Metaspace Usage History (20 events):
Event: 7.319 {metaspace Before GC invocations=16 (full 0):
 Metaspace       used 56872K, committed 58368K, reserved 1114112K
  class space    used 8136K, committed 8832K, reserved 1048576K
}
Event: 7.322 {metaspace After GC invocations=17 (full 0):
 Metaspace       used 56872K, committed 58368K, reserved 1114112K
  class space    used 8136K, committed 8832K, reserved 1048576K
}
Event: 7.898 {metaspace Before GC invocations=17 (full 0):
 Metaspace       used 60851K, committed 62336K, reserved 1114112K
  class space    used 8687K, committed 9408K, reserved 1048576K
}
Event: 7.905 {metaspace After GC invocations=18 (full 0):
 Metaspace       used 60851K, committed 62336K, reserved 1114112K
  class space    used 8687K, committed 9408K, reserved 1048576K
}
Event: 8.424 {metaspace Before GC invocations=18 (full 0):
 Metaspace       used 63021K, committed 64512K, reserved 1114112K
  class space    used 8997K, committed 9728K, reserved 1048576K
}
Event: 8.428 {metaspace After GC invocations=19 (full 0):
 Metaspace       used 63021K, committed 64512K, reserved 1114112K
  class space    used 8997K, committed 9728K, reserved 1048576K
}
Event: 8.791 {metaspace Before GC invocations=20 (full 0):
 Metaspace       used 65528K, committed 67264K, reserved 1114112K
  class space    used 9490K, committed 10304K, reserved 1048576K
}
Event: 8.797 {metaspace After GC invocations=21 (full 0):
 Metaspace       used 65528K, committed 67264K, reserved 1114112K
  class space    used 9490K, committed 10304K, reserved 1048576K
}
Event: 9.118 {metaspace Before GC invocations=21 (full 0):
 Metaspace       used 69472K, committed 71168K, reserved 1114112K
  class space    used 10023K, committed 10816K, reserved 1048576K
}
Event: 9.125 {metaspace After GC invocations=22 (full 0):
 Metaspace       used 69472K, committed 71168K, reserved 1114112K
  class space    used 10023K, committed 10816K, reserved 1048576K
}
Event: 9.406 {metaspace Before GC invocations=22 (full 0):
 Metaspace       used 70972K, committed 72640K, reserved 1114112K
  class space    used 10217K, committed 11008K, reserved 1048576K
}
Event: 9.412 {metaspace After GC invocations=23 (full 0):
 Metaspace       used 70972K, committed 72640K, reserved 1114112K
  class space    used 10217K, committed 11008K, reserved 1048576K
}
Event: 9.892 {metaspace Before GC invocations=24 (full 0):
 Metaspace       used 72140K, committed 73792K, reserved 1114112K
  class space    used 10368K, committed 11136K, reserved 1048576K
}
Event: 9.896 {metaspace After GC invocations=25 (full 0):
 Metaspace       used 72140K, committed 73792K, reserved 1114112K
  class space    used 10368K, committed 11136K, reserved 1048576K
}
Event: 10.437 {metaspace Before GC invocations=25 (full 0):
 Metaspace       used 76131K, committed 77824K, reserved 1179648K
  class space    used 10954K, committed 11776K, reserved 1048576K
}
Event: 10.442 {metaspace After GC invocations=26 (full 0):
 Metaspace       used 76131K, committed 77824K, reserved 1179648K
  class space    used 10954K, committed 11776K, reserved 1048576K
}
Event: 10.811 {metaspace Before GC invocations=26 (full 0):
 Metaspace       used 79677K, committed 81344K, reserved 1179648K
  class space    used 11377K, committed 12160K, reserved 1048576K
}
Event: 10.817 {metaspace After GC invocations=27 (full 0):
 Metaspace       used 79677K, committed 81344K, reserved 1179648K
  class space    used 11377K, committed 12160K, reserved 1048576K
}
Event: 11.079 {metaspace Before GC invocations=28 (full 0):
 Metaspace       used 80498K, committed 82176K, reserved 1179648K
  class space    used 11466K, committed 12288K, reserved 1048576K
}
Event: 11.084 {metaspace After GC invocations=29 (full 0):
 Metaspace       used 80498K, committed 82176K, reserved 1179648K
  class space    used 11466K, committed 12288K, reserved 1048576K
}

Dll operation events (3 events):
Event: 0.037 Loaded shared library C:\Program Files\Android\Android Studio\jbr\bin\java.dll
Event: 0.054 Loaded shared library C:\Program Files\Android\Android Studio\jbr\bin\zip.dll
Event: 1.066 Loaded shared library C:\Program Files\Android\Android Studio\jbr\bin\verify.dll

Deoptimization events (20 events):
Event: 12.188 Thread 0x000002770add4540 DEOPT PACKING pc=0x000002776cdba46d sp=0x00000085c0afc800
Event: 12.188 Thread 0x000002770add4540 DEOPT UNPACKING pc=0x00000277735a1702 sp=0x00000085c0afbd00 mode 0
Event: 29.742 Thread 0x000002770add8b90 Uncommon trap: trap_request=0xffffffd6 fr.pc=0x0000027773e568b0 relative=0x0000000000000230
Event: 29.742 Thread 0x000002770add8b90 Uncommon trap: reason=array_check action=maybe_recompile pc=0x0000027773e568b0 method=java.util.Arrays.fill([Ljava/lang/Object;IILjava/lang/Object;)V @ 20 c2
Event: 29.742 Thread 0x000002770add8b90 DEOPT PACKING pc=0x0000027773e568b0 sp=0x00000085c0efe860
Event: 29.742 Thread 0x000002770add8b90 DEOPT UNPACKING pc=0x0000027773669782 sp=0x00000085c0efe808 mode 2
Event: 29.751 Thread 0x000002770add8b90 Uncommon trap: trap_request=0xffffffd6 fr.pc=0x0000027773e568b0 relative=0x0000000000000230
Event: 29.751 Thread 0x000002770add8b90 Uncommon trap: reason=array_check action=maybe_recompile pc=0x0000027773e568b0 method=java.util.Arrays.fill([Ljava/lang/Object;IILjava/lang/Object;)V @ 20 c2
Event: 29.751 Thread 0x000002770add8b90 DEOPT PACKING pc=0x0000027773e568b0 sp=0x00000085c0efd760
Event: 29.751 Thread 0x000002770add8b90 DEOPT UNPACKING pc=0x0000027773669782 sp=0x00000085c0efd6e8 mode 2
Event: 29.752 Thread 0x000002770add8b90 Uncommon trap: trap_request=0xffffffd6 fr.pc=0x0000027773e568b0 relative=0x0000000000000230
Event: 29.752 Thread 0x000002770add8b90 Uncommon trap: reason=array_check action=maybe_recompile pc=0x0000027773e568b0 method=java.util.Arrays.fill([Ljava/lang/Object;IILjava/lang/Object;)V @ 20 c2
Event: 29.752 Thread 0x000002770add8b90 DEOPT PACKING pc=0x0000027773e568b0 sp=0x00000085c0efd760
Event: 29.752 Thread 0x000002770add8b90 DEOPT UNPACKING pc=0x0000027773669782 sp=0x00000085c0efd6e8 mode 2
Event: 29.949 Thread 0x000002770add8b90 DEOPT PACKING pc=0x000002776ca3a0fe sp=0x00000085c0efe740
Event: 29.949 Thread 0x000002770add8b90 DEOPT UNPACKING pc=0x00000277735a1702 sp=0x00000085c0efdbf8 mode 0
Event: 29.972 Thread 0x0000027708534920 Uncommon trap: trap_request=0xffffff45 fr.pc=0x0000027773e50d60 relative=0x0000000000000260
Event: 29.972 Thread 0x0000027708534920 Uncommon trap: reason=unstable_if action=reinterpret pc=0x0000027773e50d60 method=com.esotericsoftware.kryo.io.Output.writeString(Ljava/lang/CharSequence;)V @ 50 c2
Event: 29.972 Thread 0x0000027708534920 DEOPT PACKING pc=0x0000027773e50d60 sp=0x00000085bd6ff110
Event: 29.972 Thread 0x0000027708534920 DEOPT UNPACKING pc=0x0000027773669782 sp=0x00000085bd6ff0a0 mode 2

Classes loaded (20 events):
Event: 12.269 Loading class sun/rmi/transport/ObjectTable$Reaper
Event: 12.269 Loading class sun/rmi/transport/ObjectTable$Reaper done
Event: 12.308 Loading class java/rmi/server/ServerNotActiveException
Event: 12.308 Loading class java/rmi/server/ServerNotActiveException done
Event: 12.317 Loading class sun/rmi/transport/DGCAckHandler
Event: 12.317 Loading class sun/rmi/transport/DGCAckHandler done
Event: 12.327 Loading class sun/rmi/transport/DGCAckHandler$1
Event: 12.327 Loading class sun/rmi/transport/DGCAckHandler$1 done
Event: 12.432 Loading class sun/rmi/transport/tcp/TCPTransport$ConnectionHandler
Event: 12.432 Loading class sun/rmi/transport/tcp/TCPTransport$ConnectionHandler done
Event: 12.452 Loading class sun/rmi/transport/DGCImpl$LeaseInfo
Event: 12.452 Loading class sun/rmi/transport/DGCImpl$LeaseInfo done
Event: 12.452 Loading class sun/rmi/transport/DGCImpl$1
Event: 12.452 Loading class sun/rmi/transport/DGCImpl$1 done
Event: 12.453 Loading class sun/rmi/transport/SequenceEntry
Event: 12.453 Loading class sun/rmi/transport/SequenceEntry done
Event: 12.683 Loading class java/util/concurrent/LinkedBlockingDeque$Itr
Event: 12.685 Loading class java/util/concurrent/LinkedBlockingDeque$AbstractItr
Event: 12.685 Loading class java/util/concurrent/LinkedBlockingDeque$AbstractItr done
Event: 12.685 Loading class java/util/concurrent/LinkedBlockingDeque$Itr done

Classes unloaded (8 events):
Event: 9.451 Thread 0x000002777f0c2a00 Unloading class 0x000000001988cc00 'java/lang/invoke/LambdaForm$MH+0x000000001988cc00'
Event: 9.451 Thread 0x000002777f0c2a00 Unloading class 0x000000001988c000 'java/lang/invoke/LambdaForm$DMH+0x000000001988c000'
Event: 10.848 Thread 0x000002777f0c2a00 Unloading class 0x0000000019a80400 'java/lang/invoke/LambdaForm$DMH+0x0000000019a80400'
Event: 10.848 Thread 0x000002777f0c2a00 Unloading class 0x0000000019a80800 'java/lang/invoke/LambdaForm$DMH+0x0000000019a80800'
Event: 10.848 Thread 0x000002777f0c2a00 Unloading class 0x0000000019a1dc00 'java/lang/invoke/LambdaForm$MH+0x0000000019a1dc00'
Event: 10.848 Thread 0x000002777f0c2a00 Unloading class 0x0000000019a1d400 'java/lang/invoke/LambdaForm$DMH+0x0000000019a1d400'
Event: 10.848 Thread 0x000002777f0c2a00 Unloading class 0x0000000019a1c800 'java/lang/invoke/LambdaForm$DMH+0x0000000019a1c800'
Event: 10.848 Thread 0x000002777f0c2a00 Unloading class 0x0000000019a1c400 'java/lang/invoke/LambdaForm$DMH+0x0000000019a1c400'

Classes redefined (0 events):
No events

Internal exceptions (20 events):
Event: 12.258 Thread 0x000002770add4540 Exception <a 'sun/nio/fs/WindowsException'{0x000000008694a378}> (0x000000008694a378) 
thrown [s\src\hotspot\share\prims\jni.cpp, line 535]
Event: 12.262 Thread 0x000002770add4540 Exception <a 'sun/nio/fs/WindowsException'{0x0000000086960bb0}> (0x0000000086960bb0) 
thrown [s\src\hotspot\share\prims\jni.cpp, line 535]
Event: 12.272 Thread 0x000002770add4540 Exception <a 'sun/nio/fs/WindowsException'{0x0000000086981d80}> (0x0000000086981d80) 
thrown [s\src\hotspot\share\prims\jni.cpp, line 535]
Event: 12.295 Thread 0x000002770add4540 Exception <a 'sun/nio/fs/WindowsException'{0x0000000086996e70}> (0x0000000086996e70) 
thrown [s\src\hotspot\share\prims\jni.cpp, line 535]
Event: 12.303 Thread 0x000002770add4540 Exception <a 'java/lang/NoSuchMethodError'{0x0000000086820058}: static [Ljava/lang/Integer;.<clinit>()V> (0x0000000086820058) 
thrown [s\src\hotspot\share\prims\jni.cpp, line 1141]
Event: 12.695 Thread 0x00000277087b8a00 Exception <a 'sun/nio/fs/WindowsException'{0x000000008661c0b0}> (0x000000008661c0b0) 
thrown [s\src\hotspot\share\prims\jni.cpp, line 535]
Event: 12.716 Thread 0x00000277087b8a00 Exception <a 'sun/nio/fs/WindowsException'{0x00000000866310f8}> (0x00000000866310f8) 
thrown [s\src\hotspot\share\prims\jni.cpp, line 535]
Event: 22.675 Thread 0x00000277087b8a00 Exception <a 'sun/nio/fs/WindowsException'{0x0000000086649508}> (0x0000000086649508) 
thrown [s\src\hotspot\share\prims\jni.cpp, line 535]
Event: 29.657 Thread 0x000002770add8b90 Exception <a 'sun/nio/fs/WindowsException'{0x00000000866e6370}> (0x00000000866e6370) 
thrown [s\src\hotspot\share\prims\jni.cpp, line 535]
Event: 29.683 Thread 0x000002770add8b90 Exception <a 'sun/nio/fs/WindowsException'{0x00000000866ee1c0}> (0x00000000866ee1c0) 
thrown [s\src\hotspot\share\prims\jni.cpp, line 535]
Event: 29.703 Thread 0x000002770add8b90 Exception <a 'java/lang/NoSuchMethodError'{0x00000000866f7c58}: 'void java.lang.invoke.DirectMethodHandle$Holder.invokeInterface(java.lang.Object, java.lang.Object, int, java.lang.Object)'> (0x00000000866f7c58) 
thrown [s\src\hotspot\share\interpreter\linkResolver.cpp, line 815]
Event: 29.724 Thread 0x000002770add8b90 Exception <a 'sun/nio/fs/WindowsException'{0x0000000086524a40}> (0x0000000086524a40) 
thrown [s\src\hotspot\share\prims\jni.cpp, line 535]
Event: 29.743 Thread 0x000002770add8b90 Exception <a 'java/lang/NoSuchMethodError'{0x000000008653aa80}: 'void java.lang.invoke.DelegatingMethodHandle$Holder.reinvoke_L(java.lang.Object, java.lang.Object, int, int, java.lang.Object, java.lang.Object)'> (0x000000008653aa80) 
thrown [s\src\hotspot\share\interpreter\linkResolver.cpp, line 815]
Event: 29.754 Thread 0x000002770add8b90 Exception <a 'sun/nio/fs/WindowsException'{0x000000008657c670}> (0x000000008657c670) 
thrown [s\src\hotspot\share\prims\jni.cpp, line 535]
Event: 29.758 Thread 0x000002770add8b90 Exception <a 'sun/nio/fs/WindowsException'{0x00000000865833a0}> (0x00000000865833a0) 
thrown [s\src\hotspot\share\prims\jni.cpp, line 535]
Event: 29.766 Thread 0x000002770add8b90 Exception <a 'sun/nio/fs/WindowsException'{0x0000000086593920}> (0x0000000086593920) 
thrown [s\src\hotspot\share\prims\jni.cpp, line 535]
Event: 29.768 Thread 0x000002770add8b90 Exception <a 'sun/nio/fs/WindowsException'{0x000000008659a178}> (0x000000008659a178) 
thrown [s\src\hotspot\share\prims\jni.cpp, line 535]
Event: 29.790 Thread 0x000002770add8b90 Exception <a 'sun/nio/fs/WindowsException'{0x00000000865bbe58}> (0x00000000865bbe58) 
thrown [s\src\hotspot\share\prims\jni.cpp, line 535]
Event: 29.793 Thread 0x000002770add8b90 Exception <a 'sun/nio/fs/WindowsException'{0x00000000865cae10}> (0x00000000865cae10) 
thrown [s\src\hotspot\share\prims\jni.cpp, line 535]
Event: 29.799 Thread 0x000002770add8b90 Exception <a 'sun/nio/fs/WindowsException'{0x00000000865d2cb8}> (0x00000000865d2cb8) 
thrown [s\src\hotspot\share\prims\jni.cpp, line 535]

VM Operations (20 events):
Event: 10.437 Executing safepoint VM operation: G1CollectForAllocation (G1 Evacuation Pause)
Event: 10.442 Executing safepoint VM operation: G1CollectForAllocation (G1 Evacuation Pause) done
Event: 10.541 Executing non-safepoint VM operation: HandshakeAllThreads (Deoptimize)
Event: 10.541 Executing non-safepoint VM operation: HandshakeAllThreads (Deoptimize) done
Event: 10.611 Executing non-safepoint VM operation: HandshakeAllThreads (Deoptimize)
Event: 10.611 Executing non-safepoint VM operation: HandshakeAllThreads (Deoptimize) done
Event: 10.811 Executing safepoint VM operation: G1CollectForAllocation (G1 Evacuation Pause)
Event: 10.817 Executing safepoint VM operation: G1CollectForAllocation (G1 Evacuation Pause) done
Event: 10.847 Executing safepoint VM operation: G1PauseRemark
Event: 10.854 Executing safepoint VM operation: G1PauseRemark done
Event: 10.865 Executing safepoint VM operation: G1PauseCleanup
Event: 10.865 Executing safepoint VM operation: G1PauseCleanup done
Event: 11.079 Executing safepoint VM operation: G1CollectForAllocation (G1 Evacuation Pause)
Event: 11.084 Executing safepoint VM operation: G1CollectForAllocation (G1 Evacuation Pause) done
Event: 11.168 Executing non-safepoint VM operation: HandshakeAllThreads (Deoptimize)
Event: 11.168 Executing non-safepoint VM operation: HandshakeAllThreads (Deoptimize) done
Event: 11.907 Executing non-safepoint VM operation: HandshakeAllThreads (Deoptimize)
Event: 11.907 Executing non-safepoint VM operation: HandshakeAllThreads (Deoptimize) done
Event: 12.729 Executing non-safepoint VM operation: HandshakeAllThreads (Deoptimize)
Event: 12.729 Executing non-safepoint VM operation: HandshakeAllThreads (Deoptimize) done

Memory protections (0 events):
No events

Nmethod flushes (20 events):
Event: 10.853 Thread 0x000002777f0c2a00 flushing  nmethod 0x000002776c910008
Event: 10.853 Thread 0x000002777f0c2a00 flushing  nmethod 0x000002776c912d08
Event: 10.853 Thread 0x000002777f0c2a00 flushing  nmethod 0x000002776c125d88
Event: 10.853 Thread 0x000002777f0c2a00 flushing  nmethod 0x000002776c197f08
Event: 10.853 Thread 0x000002777f0c2a00 flushing  nmethod 0x000002776c261e88
Event: 10.853 Thread 0x000002777f0c2a00 flushing  nmethod 0x000002776c2a8c88
Event: 10.853 Thread 0x000002777f0c2a00 flushing  nmethod 0x000002776c51c908
Event: 10.853 Thread 0x000002777f0c2a00 flushing  nmethod 0x000002776c6bef08
Event: 10.853 Thread 0x000002777f0c2a00 flushing  nmethod 0x000002776c6bfa88
Event: 10.853 Thread 0x000002777f0c2a00 flushing  nmethod 0x000002776c918d88
Event: 10.853 Thread 0x000002777f0c2a00 flushing  nmethod 0x0000027773da7c88
Event: 10.853 Thread 0x000002777f0c2a00 flushing  nmethod 0x0000027773e9f308
Event: 10.853 Thread 0x000002777f0c2a00 flushing  nmethod 0x000002776c143c88
Event: 10.853 Thread 0x000002777f0c2a00 flushing  nmethod 0x000002776c252088
Event: 10.853 Thread 0x000002777f0c2a00 flushing  nmethod 0x000002776c282088
Event: 10.853 Thread 0x000002777f0c2a00 flushing  nmethod 0x000002776c379688
Event: 10.853 Thread 0x000002777f0c2a00 flushing  nmethod 0x000002776c6ced88
Event: 10.853 Thread 0x000002777f0c2a00 flushing  nmethod 0x000002776c6cf388
Event: 10.853 Thread 0x000002777f0c2a00 flushing  nmethod 0x000002776c6d1408
Event: 10.853 Thread 0x000002777f0c2a00 flushing  nmethod 0x000002776c7eb908

Events (20 events):
Event: 9.093 Thread 0x000002770aa28890 Thread added: 0x000002770b379230
Event: 9.098 Thread 0x000002770aa28890 Thread added: 0x000002770b37b170
Event: 9.104 Thread 0x000002770aa28890 Thread added: 0x000002770b37a1d0
Event: 9.112 Thread 0x000002770aa28890 Thread added: 0x000002770b379a00
Event: 9.127 Thread 0x000002770aa28890 Thread added: 0x000002770add0e90
Event: 9.140 Thread 0x000002770aa28890 Thread added: 0x000002770adcfef0
Event: 9.157 Thread 0x000002770aa28890 Thread added: 0x000002770add2600
Event: 9.500 Thread 0x000002770aa0a710 Thread added: 0x000002770add2dd0
Event: 11.027 Thread 0x000002770aa28890 Thread added: 0x000002770add4540
Event: 11.172 Thread 0x000002770add4540 Thread added: 0x000002770add6c50
Event: 11.821 Thread 0x000002770add6c50 Thread exited: 0x000002770add6c50
Event: 11.822 Thread 0x000002770665c4b0 Thread exited: 0x000002770665c4b0
Event: 11.822 Thread 0x000002777f4d37e0 Thread exited: 0x000002777f4d37e0
Event: 11.972 Thread 0x000002770add4540 Thread added: 0x000002770add6c50
Event: 11.991 Thread 0x000002770add4540 Thread added: 0x000002770add7420
Event: 11.999 Loaded shared library C:\Program Files\Android\Android Studio\jbr\bin\rmi.dll
Event: 12.002 Thread 0x000002770add4540 Thread added: 0x000002770add3d70
Event: 12.268 Thread 0x000002770add4540 Thread added: 0x000002770addaad0
Event: 12.269 Thread 0x000002770add4540 Thread added: 0x000002770addb2a0
Event: 12.433 Thread 0x000002770addaad0 Thread added: 0x000002770add8b90


Dynamic libraries:
0x00007ff6512f0000 - 0x00007ff6512fa000 	C:\Program Files\Android\Android Studio\jbr\bin\java.exe
0x00007fffccf80000 - 0x00007fffcd1e7000 	C:\Windows\SYSTEM32\ntdll.dll
0x00007fffcbe20000 - 0x00007fffcbeeb000 	C:\Windows\System32\KERNEL32.DLL
0x00007fffca5c0000 - 0x00007fffca9c2000 	C:\Windows\System32\KERNELBASE.dll
0x00007fffca460000 - 0x00007fffca5ac000 	C:\Windows\System32\ucrtbase.dll
0x00007fffc6780000 - 0x00007fffc6796000 	C:\Program Files\Android\Android Studio\jbr\bin\jli.dll
0x00007fffc0650000 - 0x00007fffc066b000 	C:\Program Files\Android\Android Studio\jbr\bin\VCRUNTIME140.dll
0x00007fffcb940000 - 0x00007fffcbb0f000 	C:\Windows\System32\USER32.dll
0x00007fffcab40000 - 0x00007fffcab67000 	C:\Windows\System32\win32u.dll
0x00007fffcbcb0000 - 0x00007fffcbcdb000 	C:\Windows\System32\GDI32.dll
0x00007fffcab70000 - 0x00007fffcac99000 	C:\Windows\System32\gdi32full.dll
0x00007fffca9d0000 - 0x00007fffcaa73000 	C:\Windows\System32\msvcp_win.dll
0x00007fffb6900000 - 0x00007fffb6b90000 	C:\Windows\WinSxS\amd64_microsoft.windows.common-controls_6595b64144ccf1df_6.0.26100.9278_none_3e0d1ba8e3303201\COMCTL32.dll
0x00007fffcbd00000 - 0x00007fffcbda9000 	C:\Windows\System32\msvcrt.dll
0x00007fffcbef0000 - 0x00007fffcbf21000 	C:\Windows\System32\IMM32.DLL
0x00007fffc4960000 - 0x00007fffc496c000 	C:\Program Files\Android\Android Studio\jbr\bin\vcruntime140_1.dll
0x00007fffb2280000 - 0x00007fffb230d000 	C:\Program Files\Android\Android Studio\jbr\bin\msvcp140.dll
0x00007ffee7cf0000 - 0x00007ffee8bca000 	C:\Program Files\Android\Android Studio\jbr\bin\server\jvm.dll
0x00007fffccd10000 - 0x00007fffccdcc000 	C:\Windows\System32\ADVAPI32.dll
0x00007fffcae60000 - 0x00007fffcaf09000 	C:\Windows\System32\sechost.dll
0x00007fffcad30000 - 0x00007fffcae48000 	C:\Windows\System32\RPCRT4.dll
0x00007fffcc9e0000 - 0x00007fffcca60000 	C:\Windows\System32\WS2_32.dll
0x00007fffc9fe0000 - 0x00007fffca03e000 	C:\Windows\SYSTEM32\POWRPROF.dll
0x00007fffbb930000 - 0x00007fffbb966000 	C:\Windows\SYSTEM32\WINMM.dll
0x00007fffc0e30000 - 0x00007fffc0e3b000 	C:\Windows\SYSTEM32\VERSION.dll
0x00007fffc9fc0000 - 0x00007fffc9fd5000 	C:\Windows\SYSTEM32\UMPDC.dll
0x00007fffc8e50000 - 0x00007fffc8e6b000 	C:\Windows\SYSTEM32\kernel.appcore.dll
0x00007fffc2250000 - 0x00007fffc225a000 	C:\Program Files\Android\Android Studio\jbr\bin\jimage.dll
0x00007fffc7520000 - 0x00007fffc776c000 	C:\Windows\SYSTEM32\DBGHELP.DLL
0x00007fffcbfb0000 - 0x00007fffcc335000 	C:\Windows\System32\combase.dll
0x00007fffccb80000 - 0x00007fffccc59000 	C:\Windows\System32\OLEAUT32.dll
0x00007fffae470000 - 0x00007fffae4ab000 	C:\Windows\SYSTEM32\dbgcore.DLL
0x00007fffca310000 - 0x00007fffca3bc000 	C:\Windows\System32\bcryptPrimitives.dll
0x00007fffbf6f0000 - 0x00007fffbf6fe000 	C:\Program Files\Android\Android Studio\jbr\bin\instrument.dll
0x00007fffbf7a0000 - 0x00007fffbf7bf000 	C:\Program Files\Android\Android Studio\jbr\bin\java.dll
0x00007fffcb790000 - 0x00007fffcb92a000 	C:\Windows\System32\ole32.dll
0x00007fffcaf10000 - 0x00007fffcb6a8000 	C:\Windows\System32\SHELL32.dll
0x00007fffbf780000 - 0x00007fffbf797000 	C:\Program Files\Android\Android Studio\jbr\bin\zip.dll
0x00007fffc7bb0000 - 0x00007fffc845e000 	C:\Windows\SYSTEM32\windows.storage.dll
0x00007fffcca80000 - 0x00007fffccb7b000 	C:\Windows\System32\SHCORE.dll
0x00007fffcbdb0000 - 0x00007fffcbe16000 	C:\Windows\System32\shlwapi.dll
0x00007fffca0a0000 - 0x00007fffca0c9000 	C:\Windows\SYSTEM32\profapi.dll
0x00007fffc0640000 - 0x00007fffc0650000 	C:\Program Files\Android\Android Studio\jbr\bin\net.dll
0x00007fffc9410000 - 0x00007fffc947c000 	C:\Windows\system32\mswsock.dll
0x00007fffbf390000 - 0x00007fffbf3a6000 	C:\Program Files\Android\Android Studio\jbr\bin\nio.dll
0x00007fffb7330000 - 0x00007fffb7340000 	C:\Program Files\Android\Android Studio\jbr\bin\verify.dll
0x00007fffb3480000 - 0x00007fffb34a7000 	C:\Users\LENOVO\.gradle\native\660c5614fbf4a5f2a75b1949f50a0caf5cd603558e7d8a26e50b933a0cfb79d1\windows-amd64\native-platform.dll
0x00007fffabe60000 - 0x00007fffabed7000 	C:\Users\LENOVO\.gradle\native\0.2.8\x86_64-windows-gnu\gradle-fileevents.dll
0x00007fffbfb90000 - 0x00007fffbfb99000 	C:\Program Files\Android\Android Studio\jbr\bin\management.dll
0x00007fffbf670000 - 0x00007fffbf67b000 	C:\Program Files\Android\Android Studio\jbr\bin\management_ext.dll
0x00007fffcae50000 - 0x00007fffcae58000 	C:\Windows\System32\PSAPI.DLL
0x00007fffc8880000 - 0x00007fffc88b3000 	C:\Windows\SYSTEM32\IPHLPAPI.DLL
0x00007fffcca70000 - 0x00007fffcca7a000 	C:\Windows\System32\NSI.dll
0x00007fffc03a0000 - 0x00007fffc03a9000 	C:\Program Files\Android\Android Studio\jbr\bin\extnet.dll
0x00007fffc9720000 - 0x00007fffc973b000 	C:\Windows\SYSTEM32\CRYPTSP.dll
0x00007fffc8db0000 - 0x00007fffc8de9000 	C:\Windows\system32\rsaenh.dll
0x00007fffc94c0000 - 0x00007fffc94f4000 	C:\Windows\SYSTEM32\USERENV.dll
0x00007fffca070000 - 0x00007fffca09a000 	C:\Windows\SYSTEM32\bcrypt.dll
0x00007fffc9700000 - 0x00007fffc970c000 	C:\Windows\SYSTEM32\CRYPTBASE.dll
0x00007fff4feb0000 - 0x00007fff4feb8000 	C:\Windows\system32\wshunix.dll
0x00007fff9e530000 - 0x00007fff9e548000 	C:\Windows\system32\napinsp.dll
0x00007fffc88c0000 - 0x00007fffc8a18000 	C:\Windows\SYSTEM32\DNSAPI.dll
0x00007fffc9210000 - 0x00007fffc921d000 	C:\Windows\SYSTEM32\DSPARSE.dll
0x00007fff9e510000 - 0x00007fff9e523000 	C:\Windows\System32\winrnr.dll
0x00007fff9e4e0000 - 0x00007fff9e507000 	C:\Windows\system32\nlansp_c.dll
0x00007fffc0900000 - 0x00007fffc0916000 	C:\Windows\system32\wshbth.dll
0x00007fffc2050000 - 0x00007fffc205b000 	C:\Windows\System32\rasadhlp.dll
0x00007fffc3070000 - 0x00007fffc30f6000 	C:\Windows\System32\fwpuclnt.dll
0x00007fffbf6e0000 - 0x00007fffbf6e7000 	C:\Program Files\Android\Android Studio\jbr\bin\rmi.dll

JVMTI agents:
C:\Users\LENOVO\.gradle\wrapper\dists\gradle-9.5.0-bin\bvnork1r7n8i6kp5cnkibsc9q\gradle-9.5.0\lib\agents\gradle-instrumentation-agent-9.5.0.jar path:C:\Program Files\Android\Android Studio\jbr\bin\instrument.dll, loaded, initialized, instrumentlib options:none

dbghelp: loaded successfully - version: 4.0.5 - missing functions: none
symbol engine: initialized successfully - sym options: 0x614 - pdb path: .;C:\Program Files\Android\Android Studio\jbr\bin;C:\Windows\SYSTEM32;C:\Windows\WinSxS\amd64_microsoft.windows.common-controls_6595b64144ccf1df_6.0.26100.9278_none_3e0d1ba8e3303201;C:\Program Files\Android\Android Studio\jbr\bin\server;C:\Users\LENOVO\.gradle\native\660c5614fbf4a5f2a75b1949f50a0caf5cd603558e7d8a26e50b933a0cfb79d1\windows-amd64;C:\Users\LENOVO\.gradle\native\0.2.8\x86_64-windows-gnu

VM Arguments:
jvm_args: --add-opens=java.base/java.lang=ALL-UNNAMED --add-opens=java.base/java.lang.invoke=ALL-UNNAMED --add-opens=java.base/java.util=ALL-UNNAMED --add-opens=java.prefs/java.util.prefs=ALL-UNNAMED --add-exports=jdk.compiler/com.sun.tools.javac.api=ALL-UNNAMED --add-exports=jdk.compiler/com.sun.tools.javac.util=ALL-UNNAMED --add-opens=java.base/java.nio.charset=ALL-UNNAMED --add-opens=java.base/java.net=ALL-UNNAMED --add-opens=java.base/java.util.concurrent=ALL-UNNAMED --add-opens=java.base/java.util.concurrent.atomic=ALL-UNNAMED --add-opens=java.xml/javax.xml.namespace=ALL-UNNAMED --add-opens=java.base/java.time=ALL-UNNAMED --enable-native-access=ALL-UNNAMED -Xmx2048m -Dfile.encoding=UTF-8 -Duser.country=PH -Duser.language=en -Duser.variant -javaagent:C:\Users\LENOVO\.gradle\wrapper\dists\gradle-9.5.0-bin\bvnork1r7n8i6kp5cnkibsc9q\gradle-9.5.0\lib\agents\gradle-instrumentation-agent-9.5.0.jar 
java_command: org.gradle.launcher.daemon.bootstrap.GradleDaemon 9.5.0
java_class_path (initial): C:\Users\LENOVO\.gradle\wrapper\dists\gradle-9.5.0-bin\bvnork1r7n8i6kp5cnkibsc9q\gradle-9.5.0\lib\gradle-daemon-main-9.5.0.jar
Launcher Type: SUN_STANDARD

[Global flags]
     intx CICompilerCount                          = 12                                        {product} {ergonomic}
     uint ConcGCThreads                            = 3                                         {product} {ergonomic}
     uint G1ConcRefinementThreads                  = 13                                        {product} {ergonomic}
   size_t G1HeapRegionSize                         = 1048576                                   {product} {ergonomic}
   size_t InitialHeapSize                          = 96468992                                  {product} {ergonomic}
   size_t MarkStackSize                            = 4194304                                   {product} {ergonomic}
   size_t MarkStackSizeMax                         = 536870912                                 {product} {ergonomic}
   size_t MaxHeapSize                              = 2147483648                                {product} {command line}
   size_t MaxNewSize                               = 1287651328                                {product} {ergonomic}
   size_t MinHeapDeltaBytes                        = 1048576                                   {product} {ergonomic}
   size_t MinHeapSize                              = 8388608                                   {product} {ergonomic}
    uintx NonNMethodCodeHeapSize                   = 7602176                                {pd product} {ergonomic}
    uintx NonProfiledCodeHeapSize                  = 122093568                              {pd product} {ergonomic}
    uintx ProfiledCodeHeapSize                     = 121962496                              {pd product} {ergonomic}
    uintx ReservedCodeCacheSize                    = 251658240                              {pd product} {ergonomic}
     bool SegmentedCodeCache                       = true                                      {product} {ergonomic}
   size_t SoftMaxHeapSize                          = 2147483648                             {manageable} {ergonomic}
     bool UseCompressedOops                        = true                           {product lp64_product} {ergonomic}
     bool UseG1GC                                  = true                                      {product} {ergonomic}
     bool UseLargePagesIndividualAllocation        = false                                  {pd product} {ergonomic}

Logging:
Log output configuration:
 #0: stdout all=warning uptime,level,tags foldmultilines=false
 #1: stderr all=off uptime,level,tags foldmultilines=false

Release file:
JAVA_VERSION="25.0.2" 
MODULES="java.base java.compiler java.datatransfer java.xml java.prefs java.desktop java.instrument java.logging java.management java.security.sasl java.naming java.rmi java.management.rmi java.net.http java.scripting java.security.jgss java.transaction.xa java.sql java.sql.rowset java.xml.crypto java.se java.smartcardio jdk.accessibility jdk.internal.jvmstat jdk.attach jdk.charsets jdk.internal.opt jdk.zipfs jdk.compiler jdk.crypto.cryptoki jdk.crypto.ec jdk.dynalink jdk.hotspot.agent jdk.httpserver jdk.internal.ed jdk.internal.le jdk.internal.md jdk.internal.vm.ci jdk.jartool jdk.javadoc jdk.jcmd jdk.jdeps jdk.jdwp.agent jdk.jdi jdk.jfr jdk.jlink jdk.localedata jdk.management jdk.management.agent jdk.management.jfr jdk.naming.dns jdk.naming.rmi jdk.net jdk.sctp jdk.security.auth jdk.security.jgss jdk.unsupported jdk.unsupported.desktop jdk.xml.dom" 
IMPLEMENTOR="JetBrains s.r.o." 
JAVA_RUNTIME_VERSION="25.0.2+-15348964-b329.117" 
LIBC="default" 
OS_ARCH="x86_64" 
OS_NAME="Windows" 
SOURCE=".:git:3cf398e84a39" 

Environment Variables:
PATH=C:\Windows\system32;C:\Windows;C:\Windows\System32\Wbem;C:\Windows\System32\WindowsPowerShell\v1.0\;C:\Windows\System32\OpenSSH\;C:\Program Files\Git\cmd;C:\Program Files\nodejs\;C:\Program Files\PostgreSQL\18\bin;C:\php83;C:\Windows\system32;C:\Windows;C:\Windows\System32\Wbem;C:\Windows\System32\WindowsPowerShell\v1.0\;C:\Windows\System32\OpenSSH\;C:\Program Files\Git\cmd;C:\Program Files\nodejs\;C:\Users\LENOVO\AppData\Local\Microsoft\WindowsApps;C:\Users\LENOVO\AppData\Roaming\npm;C:\Users\LENOVO\AppData\Local\Programs\Microsoft VS Code\bin;C:\Users\LENOVO\.config\herd-lite\bin;C:\Program Files\PostgreSQL\18\bin
USERNAME=LENOVO
OS=Windows_NT
PROCESSOR_IDENTIFIER=AMD64 Family 25 Model 68 Stepping 1, AuthenticAMD
TMP=C:\Users\LENOVO\AppData\Local\Temp
TEMP=C:\Users\LENOVO\AppData\Local\Temp




Compilation memory statistics disabled.

Periodic native trim disabled

JNI global refs:
JNI global refs: 31, weak refs: 10

JNI global refs memory usage: 835, weak refs: 833

Process memory usage:
Resident Set Size: 59720K (1% of 5968416K total physical memory with 15836K free physical memory)

OOME stack traces (most recent first):
Classloader memory used:
Loader org.gradle.internal.classloader.VisitableURLClassLoader                         : 39437 K
Loader bootstrap                                                                       : 24548 K
Loader org.gradle.initialization.MixInLegacyTypesClassLoader                           : 9055 K
Loader org.gradle.internal.classloader.VisitableURLClassLoader$InstrumentingVisitableURLClassLoader: 8559 K
Loader jdk.internal.loader.ClassLoaders$AppClassLoader                                 : 188 K
Loader jdk.internal.loader.ClassLoaders$PlatformClassLoader                            : 114 K

Classes loaded by more than one classloader:
Class com.google.common.base.Equivalence$Identity                                     : loaded 2 times (x 84B)
Class com.google.common.base.PairwiseEquivalence                                      : loaded 2 times (x 85B)
Class org.gradle.internal.classloader.FilteringClassLoader                            : loaded 2 times (x 106B)
Class org.gradle.internal.classloader.ClassLoaderHierarchy                            : loaded 2 times (x 72B)
Class com.google.common.util.concurrent.ExecutionError                                : loaded 2 times (x 84B)
Class com.google.common.collect.UnmodifiableListIterator                              : loaded 2 times (x 97B)
Class [Lcom.google.common.cache.CacheBuilder$OneWeigher;                              : loaded 2 times (x 71B)
Class com.google.common.base.Suppliers                                                : loaded 2 times (x 73B)
Class org.gradle.internal.classloader.DefaultClassLoaderFactory                       : loaded 2 times (x 84B)
Class com.google.common.collect.ImmutableSet$SerializedForm                           : loaded 2 times (x 75B)
Class org.gradle.api.internal.DefaultClassPathProvider                                : loaded 2 times (x 78B)
Class [Lorg.gradle.api.internal.ClassPathProvider;                                    : loaded 2 times (x 71B)
Class org.gradle.api.internal.ClassPathProvider                                       : loaded 2 times (x 72B)
Class com.google.common.cache.LocalCache$LocalLoadingCache                            : loaded 2 times (x 136B)
Class org.gradle.internal.service.UnknownServiceException                             : loaded 2 times (x 85B)
Class com.google.common.cache.LocalCache$Strength$1                                   : loaded 2 times (x 83B)
Class com.google.common.util.concurrent.SettableFuture                                : loaded 2 times (x 116B)
Class com.google.common.cache.LocalCache$Strength$2                                   : loaded 2 times (x 83B)
Class com.google.common.cache.LocalCache$Strength$3                                   : loaded 2 times (x 83B)
Class com.google.common.cache.CacheBuilder$NullListener                               : loaded 2 times (x 84B)
Class org.gradle.internal.classpath.TransformedClassPath                              : loaded 2 times (x 98B)
Class org.gradle.internal.classloader.InstrumentingClassLoader                        : loaded 2 times (x 72B)
Class com.google.common.collect.Iterators$ArrayItr                                    : loaded 2 times (x 99B)
Class com.google.common.cache.CacheLoader$FunctionToCacheLoader                       : loaded 2 times (x 77B)
Class com.google.common.collect.ImmutableCollection$Builder                           : loaded 2 times (x 78B)
Class com.google.common.base.MoreObjects                                              : loaded 2 times (x 73B)
Class com.google.common.collect.UnmodifiableIterator                                  : loaded 2 times (x 82B)
Class org.gradle.internal.service.ServiceLocator                                      : loaded 2 times (x 72B)
Class com.google.common.cache.LocalCache$1                                            : loaded 2 times (x 91B)
Class com.google.common.collect.Iterators$SingletonIterator                           : loaded 2 times (x 83B)
Class com.google.common.cache.LocalCache$2                                            : loaded 2 times (x 144B)
Class com.google.common.collect.RegularImmutableAsList                                : loaded 2 times (x 219B)
Class com.google.common.util.concurrent.AbstractFuture$Trusted                        : loaded 2 times (x 72B)
Class com.google.common.collect.Iterators                                             : loaded 2 times (x 73B)
Class com.google.common.util.concurrent.UncheckedExecutionException                   : loaded 2 times (x 84B)
Class com.google.common.cache.CacheLoader$UnsupportedLoadingOperationException        : loaded 2 times (x 84B)
Class org.gradle.api.internal.classpath.DefaultModuleRegistry$DefaultModule           : loaded 2 times (x 84B)
Class com.google.common.collect.AbstractIterator                                      : loaded 2 times (x 84B)
Class com.google.common.math.MathPreconditions                                        : loaded 2 times (x 73B)
Class com.google.common.collect.AbstractIndexedListIterator                           : loaded 2 times (x 98B)
Class org.gradle.api.internal.classpath.Module                                        : loaded 2 times (x 72B)
Class com.google.common.cache.Weigher                                                 : loaded 2 times (x 72B)
Class org.gradle.api.internal.classpath.UnknownModuleException                        : loaded 2 times (x 84B)
Class com.google.common.base.Stopwatch                                                : loaded 2 times (x 74B)
Class com.google.common.cache.LocalCache$Strength                                     : loaded 2 times (x 83B)
Class com.google.common.cache.Cache                                                   : loaded 2 times (x 72B)
Class com.google.common.util.concurrent.AbstractFuture$Cancellation                   : loaded 2 times (x 74B)
Class com.google.common.cache.RemovalListener                                         : loaded 2 times (x 72B)
Class org.gradle.api.internal.DefaultClassPathRegistry                                : loaded 2 times (x 78B)
Class org.gradle.internal.classpath.DefaultClassPath$ImmutableUniqueList              : loaded 2 times (x 201B)
Class org.gradle.api.internal.ClassPathRegistry                                       : loaded 2 times (x 72B)
Class com.google.common.cache.CacheBuilder                                            : loaded 2 times (x 74B)
Class org.gradle.internal.classpath.ClassPath                                         : loaded 2 times (x 72B)
Class org.gradle.api.internal.classpath.DefaultModuleRegistry$DefaultModuleAlias      : loaded 2 times (x 82B)
Class com.google.common.collect.Iterators$1                                           : loaded 2 times (x 83B)
Class com.google.common.base.Suppliers$SupplierOfInstance                             : loaded 2 times (x 81B)
Class com.google.common.cache.LocalCache$ComputingValueReference                      : loaded 2 times (x 98B)
Class com.google.common.collect.SingletonImmutableSet                                 : loaded 2 times (x 148B)
Class com.google.common.cache.LocalCache$Segment                                      : loaded 2 times (x 155B)
Class com.google.common.collect.Iterators$4                                           : loaded 2 times (x 84B)
Class com.google.common.cache.CacheLoader                                             : loaded 2 times (x 76B)
Class org.gradle.api.internal.classpath.ModuleRegistry                                : loaded 2 times (x 72B)
Class org.gradle.internal.installation.GradleInstallation$1                           : loaded 2 times (x 77B)
Class com.google.common.collect.ImmutableSet$JdkBackedSetBuilderImpl                  : loaded 2 times (x 78B)
Class com.google.common.util.concurrent.internal.InternalFutureFailureAccess          : loaded 2 times (x 74B)
Class com.google.common.collect.Iterators$5                                           : loaded 2 times (x 84B)
Class com.google.common.cache.LocalCache$LocalManualCache$1                           : loaded 2 times (x 77B)
Class com.google.common.collect.ImmutableCollection                                   : loaded 2 times (x 127B)
Class org.gradle.api.internal.classpath.DefaultModuleRegistry                         : loaded 2 times (x 86B)
Class com.google.common.util.concurrent.ListenableFuture                              : loaded 2 times (x 72B)
Class com.google.common.cache.ReferenceEntry                                          : loaded 2 times (x 72B)
Class com.google.common.collect.ImmutableSet$CachingAsList                            : loaded 2 times (x 150B)
Class com.google.common.util.concurrent.AbstractFuture                                : loaded 2 times (x 108B)
Class com.google.common.base.FunctionalEquivalence                                    : loaded 2 times (x 85B)
Class com.google.common.collect.Iterators$9                                           : loaded 2 times (x 83B)
Class com.google.common.collect.ImmutableAsList                                       : loaded 2 times (x 211B)
Class com.google.common.cache.CacheLoader$SupplierToCacheLoader                       : loaded 2 times (x 77B)
Class org.gradle.internal.service.ServiceLookupException                              : loaded 2 times (x 84B)
Class [Lcom.google.common.cache.LocalCache$EntryFactory;                              : loaded 2 times (x 71B)
Class org.gradle.internal.classloader.ClassLoaderFactory                              : loaded 2 times (x 72B)
Class com.google.common.cache.LocalCache$LocalManualCache                             : loaded 2 times (x 101B)
Class org.gradle.internal.service.CachingServiceLocator                               : loaded 2 times (x 84B)
Class com.google.common.math.IntMath                                                  : loaded 2 times (x 73B)
Class com.google.common.base.Equivalence                                              : loaded 2 times (x 84B)
Class com.google.common.base.Function                                                 : loaded 2 times (x 72B)
Class com.google.common.cache.CacheBuilder$OneWeigher                                 : loaded 2 times (x 84B)
Class org.gradle.internal.classloader.ClasspathUtil                                   : loaded 2 times (x 73B)
Class com.google.common.util.concurrent.Uninterruptibles                              : loaded 2 times (x 73B)
Class com.google.common.util.concurrent.LazyLogger                                    : loaded 2 times (x 74B)
Class org.gradle.api.specs.Spec                                                       : loaded 2 times (x 72B)
Class com.google.common.cache.LocalCache$LoadingValueReference                        : loaded 2 times (x 98B)
Class com.google.common.cache.LocalCache$StrongValueReference                         : loaded 2 times (x 92B)
Class org.gradle.internal.classloader.VisitableURLClassLoader$InstrumentingVisitableURLClassLoader: loaded 2 times (x 124B)
Class com.google.common.math.IntMath$1                                                : loaded 2 times (x 73B)
Class [Lcom.google.common.cache.CacheBuilder$NullListener;                            : loaded 2 times (x 71B)
Class org.gradle.internal.classloader.VisitableURLClassLoader$Spec                    : loaded 2 times (x 76B)
Class org.gradle.internal.classpath.DefaultClassPath                                  : loaded 2 times (x 92B)
Class com.google.common.collect.ImmutableSet                                          : loaded 2 times (x 147B)
Class org.gradle.internal.classloader.ClassLoaderSpec                                 : loaded 2 times (x 73B)
Class com.google.common.cache.CacheStats                                              : loaded 2 times (x 73B)
Class com.google.common.util.concurrent.AbstractFuture$Listener                       : loaded 2 times (x 74B)
Class org.gradle.api.internal.classpath.Module$ModuleAlias                            : loaded 2 times (x 72B)
Class com.google.common.base.Supplier                                                 : loaded 2 times (x 72B)
Class org.gradle.internal.classloader.VisitableURLClassLoader                         : loaded 2 times (x 118B)
Class org.gradle.internal.Cast                                                        : loaded 2 times (x 73B)
Class org.gradle.api.Action                                                           : loaded 2 times (x 72B)
Class com.google.common.base.Ticker                                                   : loaded 2 times (x 74B)
Class [Lcom.google.common.cache.LocalCache$Segment;                                   : loaded 2 times (x 71B)
Class com.google.common.base.Predicate                                                : loaded 2 times (x 72B)
Class [Lcom.google.common.cache.LocalCache$Strength;                                  : loaded 2 times (x 71B)
Class com.google.common.cache.CacheBuilder$1                                          : loaded 2 times (x 87B)
Class org.gradle.internal.classpath.DefaultClassPath$ImmutableUniqueList$Builder      : loaded 2 times (x 77B)
Class com.google.common.cache.LocalCache                                              : loaded 2 times (x 188B)
Class com.google.common.cache.CacheBuilder$2                                          : loaded 2 times (x 81B)
Class com.google.common.cache.CacheBuilder$3                                          : loaded 2 times (x 74B)
Class org.gradle.api.GradleException                                                  : loaded 2 times (x 84B)
Class com.google.common.cache.LocalCache$EntryFactory                                 : loaded 2 times (x 85B)
Class com.google.common.cache.LocalCache$AbstractReferenceEntry                       : loaded 2 times (x 109B)
Class org.gradle.internal.IoActions                                                   : loaded 2 times (x 73B)
Class com.google.common.cache.CacheLoader$InvalidCacheLoadException                   : loaded 2 times (x 84B)
Class com.google.common.collect.ImmutableSet$RegularSetBuilderImpl                    : loaded 2 times (x 78B)
Class com.google.common.cache.LocalCache$StrongEntry                                  : loaded 2 times (x 110B)
Class com.google.common.util.concurrent.AbstractFuture$TrustedFuture                  : loaded 2 times (x 116B)
Class com.google.common.cache.LoadingCache                                            : loaded 2 times (x 72B)
Class [Lcom.google.common.cache.Weigher;                                              : loaded 2 times (x 71B)
Class com.google.common.cache.LocalCache$ValueReference                               : loaded 2 times (x 72B)
Class com.google.common.collect.Hashing                                               : loaded 2 times (x 73B)
Class com.google.common.util.concurrent.AbstractFuture$Failure                        : loaded 2 times (x 74B)
Class com.google.common.base.Equivalence$Equals                                       : loaded 2 times (x 84B)
Class com.google.common.base.Preconditions                                            : loaded 2 times (x 73B)
Class com.google.common.collect.PeekingIterator                                       : loaded 2 times (x 72B)
Class com.google.common.cache.LocalCache$EntryFactory$1                               : loaded 2 times (x 85B)
Class [Lcom.google.common.cache.RemovalListener;                                      : loaded 2 times (x 71B)
Class com.google.common.cache.LocalCache$EntryFactory$2                               : loaded 2 times (x 85B)
Class com.google.common.cache.LocalCache$EntryFactory$3                               : loaded 2 times (x 85B)
Class com.google.common.base.Ticker$1                                                 : loaded 2 times (x 74B)
Class com.google.common.cache.LocalCache$EntryFactory$4                               : loaded 2 times (x 85B)
Class com.google.common.collect.ImmutableSet$Builder                                  : loaded 2 times (x 87B)
Class com.google.common.cache.LocalCache$EntryFactory$5                               : loaded 2 times (x 85B)
Class com.google.common.cache.LocalCache$EntryFactory$6                               : loaded 2 times (x 85B)
Class org.gradle.internal.installation.CurrentGradleInstallationLocator               : loaded 2 times (x 73B)
Class com.google.common.cache.LocalCache$EntryFactory$7                               : loaded 2 times (x 85B)
Class com.google.common.collect.ImmutableList                                         : loaded 2 times (x 208B)
Class org.gradle.internal.service.DefaultServiceLocator                               : loaded 2 times (x 85B)
Class com.google.common.cache.LocalCache$EntryFactory$8                               : loaded 2 times (x 85B)
Class com.google.common.collect.ImmutableSet$SetBuilderImpl                           : loaded 2 times (x 78B)
Class org.gradle.internal.installation.CurrentGradleInstallation                      : loaded 2 times (x 75B)
Class com.google.common.cache.CacheLoader$1                                           : loaded 2 times (x 77B)
Class org.gradle.util.internal.GUtil                                                  : loaded 2 times (x 73B)
Class com.google.common.cache.AbstractCache$StatsCounter                              : loaded 2 times (x 72B)
Class com.google.common.collect.Iterators$MergingIterator                             : loaded 2 times (x 83B)
Class com.google.common.collect.RegularImmutableSet                                   : loaded 2 times (x 150B)
Class org.gradle.internal.installation.GradleInstallation                             : loaded 2 times (x 77B)

---------------  S Y S T E M  ---------------

OS:
 Windows 11 , 64 bit Build 26100 (10.0.26100.9444)
OS uptime: 5 days 14:33 hours
Hyper-V role detected

CPU: total 16 (initial active 16) (16 cores per cpu, 2 threads per core) family 25 model 68 stepping 1 microcode 0xa404107, cx8, cmov, fxsr, ht, mmx, 3dnowpref, sse, sse2, sse3, ssse3, sse4a, sse4.1, sse4.2, popcnt, lzcnt, tsc, tscinvbit, avx, avx2, aes, erms, clmul, bmi1, bmi2, adx, sha, fma, vzeroupper, clflush, clflushopt, clwb, hv, rdtscp, rdpid, fsrm, f16c, cet_ss
Processor Information for processor 0
  Max Mhz: 3201, Current Mhz: 3201, Mhz Limit: 3201
Processor Information for processor 1
  Max Mhz: 3201, Current Mhz: 3201, Mhz Limit: 3201
Processor Information for processor 2
  Max Mhz: 3201, Current Mhz: 3201, Mhz Limit: 3201
Processor Information for processor 3
  Max Mhz: 3201, Current Mhz: 3201, Mhz Limit: 3201
Processor Information for processor 4
  Max Mhz: 3201, Current Mhz: 3201, Mhz Limit: 3201
Processor Information for processor 5
  Max Mhz: 3201, Current Mhz: 3201, Mhz Limit: 3201
Processor Information for processor 6
  Max Mhz: 3201, Current Mhz: 3201, Mhz Limit: 3201
Processor Information for processor 7
  Max Mhz: 3201, Current Mhz: 3201, Mhz Limit: 3201
Processor Information for processor 8
  Max Mhz: 3201, Current Mhz: 3201, Mhz Limit: 3201
Processor Information for processor 9
  Max Mhz: 3201, Current Mhz: 3201, Mhz Limit: 3201
Processor Information for processor 10
  Max Mhz: 3201, Current Mhz: 3201, Mhz Limit: 3201
Processor Information for processor 11
  Max Mhz: 3201, Current Mhz: 3201, Mhz Limit: 3201
Processor Information for processor 12
  Max Mhz: 3201, Current Mhz: 2502, Mhz Limit: 3201
Processor Information for processor 13
  Max Mhz: 3201, Current Mhz: 3201, Mhz Limit: 3201
Processor Information for processor 14
  Max Mhz: 3201, Current Mhz: 3201, Mhz Limit: 3201
Processor Information for processor 15
  Max Mhz: 3201, Current Mhz: 3201, Mhz Limit: 3201

Memory: 4k page, system-wide physical 5828M (98M free)
TotalPageFile size 22212M (AvailPageFile size 7M)
current process WorkingSet (physical memory assigned to process): 77M, peak: 341M
current process commit charge ("private bytes"): 378M, peak: 402M

vm_info: OpenJDK 64-Bit Server VM (25.0.2+-15348964-b329.117) for windows-amd64 JRE (25.0.2+-15348964-b329.117), built on 2026-05-05T18:25:19Z with MS VC++ 16.10 / 16.11 (VS2019)

END.
